Component: ARM Compiler 6.16 Tool: armlink [5dfeaa00]

==============================================================================

Section Cross References

    main.o(.text.vidTest) refers to main.o(.bss.u8SysTickOVFCount) for u8SysTickOVFCount
    main.o(.text.vidTest) refers to scb_program.o(.text.SCB_vidTriggerPendSV) for SCB_vidTriggerPendSV
    main.o(.ARM.exidx.text.vidTest) refers to main.o(.text.vidTest) for [Anonymous Symbol]
    main.o(.text.vidProcessCommand) refers to uart_program.o(.text.UART0_u8GetReceivedByte) for UART0_u8GetReceivedByte
    main.o(.text.vidProcessCommand) refers to gpio_program.o(.text.GPIO_vidTogglePin) for GPIO_vidTogglePin
    main.o(.text.vidProcessCommand) refers to app_program.o(.text.APP_vidGetTemperature) for APP_vidGetTemperature
    main.o(.ARM.exidx.text.vidProcessCommand) refers to main.o(.text.vidProcessCommand) for [Anonymous Symbol]
    main.o(.text.main) refers to syscntrl_program.o(.text.SYSCNTRL_vidChangeSysClock) for SYSCNTRL_vidChangeSysClock
    main.o(.text.main) refers to syscntrl_program.o(.text.SYSCNTRL_vidEnableGPIOClock) for SYSCNTRL_vidEnableGPIOClock
    main.o(.text.main) refers to syscntrl_program.o(.text.SYSCNTRL_vidEnableUARTClock) for SYSCNTRL_vidEnableUARTClock
    main.o(.text.main) refers to timer0_program.o(.text.TIMER0_vidInit) for TIMER0_vidInit
    main.o(.text.main) refers to gpio_program.o(.text.GPIO_vidSelectAlterFunction) for GPIO_vidSelectAlterFunction
    main.o(.text.main) refers to gpio_program.o(.text.GPIO_vidSetPinDigEnable) for GPIO_vidSetPinDigEnable
    main.o(.text.main) refers to gpio_program.o(.text.GPIO_vidSetPinDirection) for GPIO_vidSetPinDirection
    main.o(.text.main) refers to main.o(.text.__NVIC_SetPriority) for __NVIC_SetPriority
    main.o(.text.main) refers to main.o(.text.__NVIC_GetPriority) for __NVIC_GetPriority
    main.o(.text.main) refers to gpio_program.o(.text.GPIO_vidTogglePin) for GPIO_vidTogglePin
    main.o(.text.main) refers to main.o(.text.vidBlink) for vidBlink
    main.o(.text.main) refers to scb_program.o(.text.SCB_vidPutISR) for SCB_vidPutISR
    main.o(.text.main) refers to main.o(.text.vidProcessCommand) for vidProcessCommand
    main.o(.text.main) refers to uart_program.o(.text.UART0_vidInit) for UART0_vidInit
    main.o(.text.main) refers to main.o(.text.vidTest) for vidTest
    main.o(.text.main) refers to systick_program.o(.text.SysTick_vidInitExtended) for SysTick_vidInitExtended
    main.o(.text.main) refers to dht11_program.o(.text.DHT11_vidInit) for DHT11_vidInit
    main.o(.text.main) refers to main.o(.text.__NVIC_EnableIRQ) for __NVIC_EnableIRQ
    main.o(.ARM.exidx.text.main) refers to main.o(.text.main) for [Anonymous Symbol]
    main.o(.ARM.exidx.text.__NVIC_SetPriority) refers to main.o(.text.__NVIC_SetPriority) for [Anonymous Symbol]
    main.o(.ARM.exidx.text.__NVIC_GetPriority) refers to main.o(.text.__NVIC_GetPriority) for [Anonymous Symbol]
    main.o(.text.vidBlink) refers to gpio_program.o(.text.GPIO_vidTogglePin) for GPIO_vidTogglePin
    main.o(.ARM.exidx.text.vidBlink) refers to main.o(.text.vidBlink) for [Anonymous Symbol]
    main.o(.ARM.exidx.text.__NVIC_EnableIRQ) refers to main.o(.text.__NVIC_EnableIRQ) for [Anonymous Symbol]
    gpio_program.o(.ARM.exidx.text.GPIO_vidSetPinDirection) refers to gpio_program.o(.text.GPIO_vidSetPinDirection) for [Anonymous Symbol]
    gpio_program.o(.ARM.exidx.text.GPIO_vidSetPinValue) refers to gpio_program.o(.text.GPIO_vidSetPinValue) for [Anonymous Symbol]
    gpio_program.o(.ARM.exidx.text.GPIO_u8GetPinValue) refers to gpio_program.o(.text.GPIO_u8GetPinValue) for [Anonymous Symbol]
    gpio_program.o(.ARM.exidx.text.GPIO_vidSetPinDigEnable) refers to gpio_program.o(.text.GPIO_vidSetPinDigEnable) for [Anonymous Symbol]
    gpio_program.o(.text.GPIO_vidConfigurePin) refers to gpio_program.o(.text.GPIO_vidSetPinDigEnable) for GPIO_vidSetPinDigEnable
    gpio_program.o(.text.GPIO_vidConfigurePin) refers to gpio_program.o(.text.GPIO_vidSetPinDirection) for GPIO_vidSetPinDirection
    gpio_program.o(.text.GPIO_vidConfigurePin) refers to gpio_program.o(.text.GPIO_vidSelectAlterFunction) for GPIO_vidSelectAlterFunction
    gpio_program.o(.ARM.exidx.text.GPIO_vidConfigurePin) refers to gpio_program.o(.text.GPIO_vidConfigurePin) for [Anonymous Symbol]
    gpio_program.o(.ARM.exidx.text.GPIO_vidSelectAlterFunction) refers to gpio_program.o(.text.GPIO_vidSelectAlterFunction) for [Anonymous Symbol]
    gpio_program.o(.ARM.exidx.text.GPIO_vidTogglePin) refers to gpio_program.o(.text.GPIO_vidTogglePin) for [Anonymous Symbol]
    gpio_program.o(.ARM.exidx.text.GPIO_vidConfigurePUR) refers to gpio_program.o(.text.GPIO_vidConfigurePUR) for [Anonymous Symbol]
    gpio_program.o(.ARM.exidx.text.GPIO_vidConfigurePullDown) refers to gpio_program.o(.text.GPIO_vidConfigurePullDown) for [Anonymous Symbol]
[...]
    _get_argv_nomalloc.o(.text) refers (Special) to hrguard.o(.text) for __heap_region$guard
    _get_argv_nomalloc.o(.text) refers to defsig_rtmem_outer.o(.text) for __rt_SIGRTMEM
    _get_argv_nomalloc.o(.text) refers to sys_command.o(.text) for _sys_command_string
    libshutdown.o(.ARM.Collect$$libshutdown$$00000000) refers (Special) to libshutdown2.o(.ARM.Collect$$libshutdown$$00000002) for __rt_lib_shutdown_cpp_1
    libshutdown.o(.ARM.Collect$$libshutdown$$00000000) refers (Special) to libshutdown2.o(.ARM.Collect$$libshutdown$$00000007) for __rt_lib_shutdown_fp_trap_1
    libshutdown.o(.ARM.Collect$$libshutdown$$00000000) refers (Special) to libshutdown2.o(.ARM.Collect$$libshutdown$$0000000F) for __rt_lib_shutdown_heap_1
    libshutdown.o(.ARM.Collect$$libshutdown$$00000000) refers (Special) to libshutdown2.o(.ARM.Collect$$libshutdown$$00000010) for __rt_lib_shutdown_return
    libshutdown.o(.ARM.Collect$$libshutdown$$00000000) refers (Special) to libshutdown2.o(.ARM.Collect$$libshutdown$$0000000A) for __rt_lib_shutdown_signal_1
    libshutdown.o(.ARM.Collect$$libshutdown$$00000000) refers (Special) to libshutdown2.o(.ARM.Collect$$libshutdown$$00000004) for __rt_lib_shutdown_stdio_1
    libshutdown.o(.ARM.Collect$$libshutdown$$00000000) refers (Special) to libshutdown2.o(.ARM.Collect$$libshutdown$$0000000C) for __rt_lib_shutdown_user_alloc_1
    sys_command.o(.text) refers (Special) to use_no_semi.o(.text) for __I$use$semihosting
    sys_command.o(.text) refers (Special) to indicate_semi.o(.text) for __semihosting_library_function
    sys_command_hlt.o(.text) refers (Special) to use_no_semi.o(.text) for __I$use$semihosting
    sys_command_hlt.o(.text) refers (Special) to indicate_semi.o(.text) for __semihosting_library_function
    defsig_rtmem_outer.o(.text) refers to defsig_rtmem_inner.o(.text) for __rt_SIGRTMEM_inner
    defsig_rtmem_outer.o(.text) refers to defsig_exit.o(.text) for __sig_exit
    defsig_rtmem_formal.o(.text) refers to rt_raise.o(.text) for __rt_raise
    rt_raise.o(.text) refers to __raise.o(.text) for __raise
    rt_raise.o(.text) refers to sys_exit.o(.text) for _sys_exit
    defsig_exit.o(.text) refers to sys_exit.o(.text) for _sys_exit
    defsig_rtmem_inner.o(.text) refers to defsig_general.o(.text) for __default_signal_display
    __raise.o(.text) refers to defsig.o(CL$$defsig) for __default_signal_handler
    defsig_general.o(.text) refers to sys_wrch.o(.text) for _ttywrch
    sys_wrch.o(.text) refers (Special) to use_no_semi.o(.text) for __I$use$semihosting
    sys_wrch.o(.text) refers (Special) to indicate_semi.o(.text) for __semihosting_library_function
    sys_wrch_hlt.o(.text) refers (Special) to use_no_semi.o(.text) for __I$use$semihosting
    sys_wrch_hlt.o(.text) refers (Special) to indicate_semi.o(.text) for __semihosting_library_function
    defsig.o(CL$$defsig) refers to defsig_rtmem_inner.o(.text) for __rt_SIGRTMEM_inner
    defsig_abrt_inner.o(.text) refers to defsig_general.o(.text) for __default_signal_display
    defsig_fpe_inner.o(.text) refers to defsig_general.o(.text) for __default_signal_display
    defsig_rtred_inner.o(.text) refers to defsig_general.o(.text) for __default_signal_display
    defsig_stak_inner.o(.text) refers to defsig_general.o(.text) for __default_signal_display
    defsig_pvfn_inner.o(.text) refers to defsig_general.o(.text) for __default_signal_display
    defsig_cppl_inner.o(.text) refers to defsig_general.o(.text) for __default_signal_display
    defsig_segv_inner.o(.text) refers to defsig_general.o(.text) for __default_signal_display
    defsig_other.o(.text) refers to defsig_general.o(.text) for __default_signal_display


==============================================================================

Removing Unused input sections from the image.

    Removing main.o(.text), (0 bytes).
    Removing main.o(.ARM.exidx.text.vidTest), (8 bytes).
    Removing main.o(.ARM.exidx.text.vidProcessCommand), (8 bytes).
    Removing main.o(.ARM.exidx.text.main), (8 bytes).
    Removing main.o(.ARM.exidx.text.__NVIC_SetPriority), (8 bytes).
    Removing main.o(.ARM.exidx.text.__NVIC_GetPriority), (8 bytes).
    Removing main.o(.ARM.exidx.text.vidBlink), (8 bytes).
    Removing main.o(.ARM.exidx.text.__NVIC_EnableIRQ), (8 bytes).
    Removing main.o(.bss.u8ScanFlag), (1 bytes).
    Removing main.o(.bss.ptrU8DataArr), (6 bytes).
    Removing main.o(.ARM.use_no_argv), (4 bytes).
    Removing gpio_program.o(.text), (0 bytes).
    Removing gpio_program.o(.ARM.exidx.text.GPIO_vidSetPinDirection), (8 bytes).
    Removing gpio_program.o(.ARM.exidx.text.GPIO_vidSetPinValue), (8 bytes).
    Removing gpio_program.o(.ARM.exidx.text.GPIO_u8GetPinValue), (8 bytes).
    Removing gpio_program.o(.ARM.exidx.text.GPIO_vidSetPinDigEnable), (8 bytes).
    Removing gpio_program.o(.text.GPIO_vidConfigurePin), (42 bytes).
    Removing gpio_program.o(.ARM.exidx.text.GPIO_vidConfigurePin), (8 bytes).
    Removing gpio_program.o(.ARM.exidx.text.GPIO_vidSelectAlterFunction), (8 bytes).
    Removing gpio_program.o(.ARM.exidx.text.GPIO_vidTogglePin), (8 bytes).
    Removing gpio_program.o(.text.GPIO_vidConfigurePUR), (150 bytes).
    Removing gpio_program.o(.ARM.exidx.text.GPIO_vidConfigurePUR), (8 bytes).
    Removing gpio_program.o(.text.GPIO_vidConfigurePullDown), (150 bytes).
    Removing gpio_program.o(.ARM.exidx.text.GPIO_vidConfigurePullDown), (8 bytes).
    Removing gpio_program.o(.text.GPIO_vidSelectInterruptSense), (148 bytes).
    Removing gpio_program.o(.ARM.exidx.text.GPIO_vidSelectInterruptSense), (8 bytes).
    Removing gpio_program.o(.text.GPIO_vidEnableInterrupt), (64 bytes).
    Removing gpio_program.o(.ARM.exidx.text.GPIO_vidEnableInterrupt), (8 bytes).
    Removing gpio_program.o(.text.GPIO_vidDisableInterrupt), (66 bytes).
    Removing gpio_program.o(.ARM.exidx.text.GPIO_vidDisableInterrupt), (8 bytes).
    Removing gpio_program.o(.text.GPIO_vidSelectInterruptEvent), (150 bytes).
    Removing gpio_program.o(.ARM.exidx.text.GPIO_vidSelectInterruptEvent), (8 bytes).
    Removing gpio_program.o(.text.GPIO_vidInterruptBothEdges), (150 bytes).
    Removing gpio_program.o(.ARM.exidx.text.GPIO_vidInterruptBothEdges), (8 bytes).
    Removing gpio_program.o(.text.GPIO_vidClearInterrupt), (64 bytes).
    Removing gpio_program.o(.ARM.exidx.text.GPIO_vidClearInterrupt), (8 bytes).
    Removing gpio_program.o(.text.GPIO_vidUnlock), (64 bytes).
    Removing gpio_program.o(.ARM.exidx.text.GPIO_vidUnlock), (8 bytes).
    Removing gpio_program.o(.text.GPIO_vidLock), (58 bytes).
    Removing gpio_program.o(.ARM.exidx.text.GPIO_vidLock), (8 bytes).
    Removing gpio_program.o(.text.GPIO_vidCommit), (64 bytes).
    Removing gpio_program.o(.ARM.exidx.text.GPIO_vidCommit), (8 bytes).
    Removing gpio_program.o(.text.GPIO_vidConfigAnalogFunction), (150 bytes).
    Removing gpio_program.o(.ARM.exidx.text.GPIO_vidConfigAnalogFunction), (8 bytes).
    Removing gpio_program.o(.text.GPIO_vidConfigPortControl), (66 bytes).
    Removing gpio_program.o(.ARM.exidx.text.GPIO_vidConfigPortControl), (8 bytes).
    Removing gpio_program.o(.text.GPIO_vidPutISR), (44 bytes).
    Removing gpio_program.o(.ARM.exidx.text.GPIO_vidPutISR), (8 bytes).
    Removing gpio_program.o(.text.GPIO_vidConfigInterrupt), (70 bytes).
    Removing gpio_program.o(.ARM.exidx.text.GPIO_vidConfigInterrupt), (8 bytes).
    Removing gpio_program.o(.text.GPIO_u8GetInterruptStatus), (64 bytes).
    Removing gpio_program.o(.ARM.exidx.text.GPIO_u8GetInterruptStatus), (8 bytes).
    Removing gpio_program.o(.ARM.exidx.text.GPIOA_Handler), (8 bytes).
    Removing gpio_program.o(.ARM.exidx.text.GPIOB_Handler), (8 bytes).
    Removing gpio_program.o(.ARM.exidx.text.GPIOC_Handler), (8 bytes).
    Removing gpio_program.o(.ARM.exidx.text.GPIOD_Handler), (8 bytes).
    Removing gpio_program.o(.ARM.exidx.text.GPIOE_Handler), (8 bytes).
    Removing gpio_program.o(.ARM.exidx.text.GPIOF_Handler), (8 bytes).
    Removing nvic_program.o(.text), (0 bytes).
    Removing nvic_program.o(.text.NVIC_vidSetInterrupt), (56 bytes).
    Removing nvic_program.o(.ARM.exidx.text.NVIC_vidSetInterrupt), (8 bytes).
    Removing nvic_program.o(.text.NVIC_vidClearInterrupt), (56 bytes).
    Removing nvic_program.o(.ARM.exidx.text.NVIC_vidClearInterrupt), (8 bytes).
    Removing nvic_program.o(.text.NVIC_vidSetPending), (56 bytes).
    Removing nvic_program.o(.ARM.exidx.text.NVIC_vidSetPending), (8 bytes).
    Removing nvic_program.o(.text.NVIC_vidClearPending), (56 bytes).
    Removing nvic_program.o(.ARM.exidx.text.NVIC_vidClearPending), (8 bytes).
    Removing nvic_program.o(.text.NVIC_u8GetPending), (46 bytes).
    Removing nvic_program.o(.ARM.exidx.text.NVIC_u8GetPending), (8 bytes).
    Removing nvic_program.o(.text.NVIC_vidSetPriority), (14 bytes).
    Removing nvic_program.o(.ARM.exidx.text.NVIC_vidSetPriority), (8 bytes).
    Removing syscntrl_program.o(.text), (0 bytes).
    Removing syscntrl_program.o(.ARM.exidx.text.SYSCNTRL_vidEnableGPIOClock), (8 bytes).
    Removing syscntrl_program.o(.ARM.exidx.text.SYSCNTRL_vidEnableUARTClock), (8 bytes).
    Removing syscntrl_program.o(.text.SYSCNTRL_vidEnableSPIClock), (48 bytes).
    Removing syscntrl_program.o(.ARM.exidx.text.SYSCNTRL_vidEnableSPIClock), (8 bytes).
    Removing syscntrl_program.o(.text.SYSCNTRL_vidEnableI2CClock), (48 bytes).
    Removing syscntrl_program.o(.ARM.exidx.text.SYSCNTRL_vidEnableI2CClock), (8 bytes).
    Removing syscntrl_program.o(.text.SYSCNTRL_vidEnableADCClock), (30 bytes).
    Removing syscntrl_program.o(.ARM.exidx.text.SYSCNTRL_vidEnableADCClock), (8 bytes).
    Removing syscntrl_program.o(.text.SYSCNTRL_vidEnableTimerClock), (48 bytes).
    Removing syscntrl_program.o(.ARM.exidx.text.SYSCNTRL_vidEnableTimerClock), (8 bytes).
    Removing syscntrl_program.o(.text.SYSCNTRL_vidSelectGPIOBus), (132 bytes).
    Removing syscntrl_program.o(.ARM.exidx.text.SYSCNTRL_vidSelectGPIOBus), (8 bytes).
    Removing syscntrl_program.o(.ARM.exidx.text.SYSCNTRL_vidChangeSysClock), (8 bytes).
    Removing systick_program.o(.text), (0 bytes).
    Removing systick_program.o(.text._vidCheckForBusyWait), (36 bytes).
    Removing systick_program.o(.ARM.exidx.text._vidCheckForBusyWait), (8 bytes).
    Removing systick_program.o(.text.SysTick_vidStop), (18 bytes).
    Removing systick_program.o(.ARM.exidx.text.SysTick_vidStop), (8 bytes).
    Removing systick_program.o(.ARM.exidx.text.SysTick_vidInitExtended), (8 bytes).
    Removing systick_program.o(.ARM.exidx.text.SysTick_vidSetValue), (8 bytes).
    Removing systick_program.o(.ARM.exidx.text.SysTick_vidPutISR), (8 bytes).
    Removing systick_program.o(.text.SysTick_vidInit), (30 bytes).
    Removing systick_program.o(.ARM.exidx.text.SysTick_vidInit), (8 bytes).
    Removing systick_program.o(.text.SysTick_vidSetBusyWait), (60 bytes).
    Removing systick_program.o(.ARM.exidx.text.SysTick_vidSetBusyWait), (8 bytes).
    Removing systick_program.o(.text.SysTick_vidStart), (18 bytes).
    Removing systick_program.o(.ARM.exidx.text.SysTick_vidStart), (8 bytes).
    Removing systick_program.o(.text.SysTick_vidToggle), (18 bytes).
    Removing systick_program.o(.ARM.exidx.text.SysTick_vidToggle), (8 bytes).
    Removing systick_program.o(.text.SysTick_u32GetCurrentValue), (12 bytes).
    Removing systick_program.o(.ARM.exidx.text.SysTick_u32GetCurrentValue), (8 bytes).
    Removing systick_program.o(.ARM.exidx.text.SysTick_Handler), (8 bytes).
    Removing systick_program.o(.data.u8BusyWaitFlag), (1 bytes).
    Removing dht11_program.o(.text), (0 bytes).
    Removing dht11_program.o(.ARM.exidx.text.DHT11_vidInit), (8 bytes).
    Removing dht11_program.o(.ARM.exidx.text.DHT11_vidStart), (8 bytes).
    Removing dht11_program.o(.ARM.exidx.text.DHT11_u8CheckResponse), (8 bytes).
    Removing dht11_program.o(.ARM.exidx.text.DHT11_u8ReadByte), (8 bytes).
    Removing dht11_program.o(.text.DHT11_ptU8GetData), (80 bytes).
    Removing dht11_program.o(.ARM.exidx.text.DHT11_ptU8GetData), (8 bytes).
    Removing timer0_program.o(.text), (0 bytes).
    Removing timer0_program.o(.ARM.exidx.text.vidCountOVF), (8 bytes).
    Removing timer0_program.o(.ARM.exidx.text.TIMER0_vidInit), (8 bytes).
    Removing timer0_program.o(.ARM.exidx.text.__NVIC_SetPriority), (8 bytes).
    Removing timer0_program.o(.ARM.exidx.text.__NVIC_EnableIRQ), (8 bytes).
    Removing timer0_program.o(.text.TIMER0_vidPutISRFunction), (12 bytes).
    Removing timer0_program.o(.ARM.exidx.text.TIMER0_vidPutISRFunction), (8 bytes).
    Removing timer0_program.o(.ARM.exidx.text.TIMER0_vidDelayMicro), (8 bytes).
    Removing timer0_program.o(.ARM.exidx.text.TIMER0A_Handler), (8 bytes).
    Removing timer0_program.o(.bss.ptrFCallback), (4 bytes).
    Removing lcd_program.o(.text), (0 bytes).
    Removing lcd_program.o(.text.LCD_vidInit), (180 bytes).
    Removing lcd_program.o(.ARM.exidx.text.LCD_vidInit), (8 bytes).
    Removing lcd_program.o(.text.LCD_vidSendCommand), (150 bytes).
    Removing lcd_program.o(.ARM.exidx.text.LCD_vidSendCommand), (8 bytes).
    Removing lcd_program.o(.text.delay_milli), (2 bytes).
    Removing lcd_program.o(.ARM.exidx.text.delay_milli), (8 bytes).
    Removing lcd_program.o(.text.delay_micro), (2 bytes).
    Removing lcd_program.o(.ARM.exidx.text.delay_micro), (8 bytes).
    Removing lcd_program.o(.text.LCD_vidWriteCharacter), (150 bytes).
    Removing lcd_program.o(.ARM.exidx.text.LCD_vidWriteCharacter), (8 bytes).
    Removing lcd_program.o(.text.LCD_vidWriteNumber), (206 bytes).
    Removing lcd_program.o(.ARM.exidx.text.LCD_vidWriteNumber), (8 bytes).
    Removing lcd_program.o(.text.LCD_vidWriteString), (20 bytes).
    Removing lcd_program.o(.ARM.exidx.text.LCD_vidWriteString), (8 bytes).
    Removing uart_program.o(.text), (0 bytes).
    Removing uart_program.o(.ARM.exidx.text.UART0_vidInit), (8 bytes).
    Removing uart_program.o(.ARM.exidx.text.UART0_vidPutISRFunction), (8 bytes).
    Removing uart_program.o(.ARM.exidx.text.UART0_vidSendByte), (8 bytes).
    Removing uart_program.o(.text.UART0_Receiver), (20 bytes).
    Removing uart_program.o(.ARM.exidx.text.UART0_Receiver), (8 bytes).
    Removing uart_program.o(.ARM.exidx.text.UART0_u8GetReceivedByte), (8 bytes).
    Removing uart_program.o(.ARM.exidx.text.UART0_vidSendString), (8 bytes).
    Removing uart_program.o(.ARM.exidx.text.UART0_Handler), (8 bytes).
    Removing uart_program.o(.text.UART1_vidInit), (194 bytes).
    Removing uart_program.o(.ARM.exidx.text.UART1_vidInit), (8 bytes).
    Removing uart_program.o(.text.UART1_vidPutISRFunction), (12 bytes).
    Removing uart_program.o(.ARM.exidx.text.UART1_vidPutISRFunction), (8 bytes).
    Removing uart_program.o(.text.UART1_vidSendByte), (18 bytes).
    Removing uart_program.o(.ARM.exidx.text.UART1_vidSendByte), (8 bytes).
    Removing uart_program.o(.text.UART1_Receiver), (20 bytes).
    Removing uart_program.o(.ARM.exidx.text.UART1_Receiver), (8 bytes).
    Removing uart_program.o(.text.UART1_u8GetReceivedByte), (14 bytes).
    Removing uart_program.o(.ARM.exidx.text.UART1_u8GetReceivedByte), (8 bytes).
    Removing uart_program.o(.text.UART1_vidSendString), (28 bytes).
    Removing uart_program.o(.ARM.exidx.text.UART1_vidSendString), (8 bytes).
    Removing uart_program.o(.ARM.exidx.text.UART1_Handler), (8 bytes).
    Removing uart_program.o(.text.UART2_vidInit), (184 bytes).
    Removing uart_program.o(.ARM.exidx.text.UART2_vidInit), (8 bytes).
    Removing uart_program.o(.text.UART2_vidPutISRFunction), (12 bytes).
    Removing uart_program.o(.ARM.exidx.text.UART2_vidPutISRFunction), (8 bytes).
    Removing uart_program.o(.text.UART2_vidSendByte), (18 bytes).
    Removing uart_program.o(.ARM.exidx.text.UART2_vidSendByte), (8 bytes).
    Removing uart_program.o(.text.UART2_Receiver), (20 bytes).
    Removing uart_program.o(.ARM.exidx.text.UART2_Receiver), (8 bytes).
    Removing uart_program.o(.text.UART2_u8GetReceivedByte), (14 bytes).
    Removing uart_program.o(.ARM.exidx.text.UART2_u8GetReceivedByte), (8 bytes).
    Removing uart_program.o(.text.UART2_vidSendString), (28 bytes).
    Removing uart_program.o(.ARM.exidx.text.UART2_vidSendString), (8 bytes).
    Removing uart_program.o(.ARM.exidx.text.UART2_Handler), (8 bytes).
    Removing uart_program.o(.text.UART3_vidInit), (194 bytes).
    Removing uart_program.o(.ARM.exidx.text.UART3_vidInit), (8 bytes).
    Removing uart_program.o(.text.UART3_vidPutISRFunction), (12 bytes).
    Removing uart_program.o(.ARM.exidx.text.UART3_vidPutISRFunction), (8 bytes).
    Removing uart_program.o(.text.UART3_vidSendByte), (18 bytes).
    Removing uart_program.o(.ARM.exidx.text.UART3_vidSendByte), (8 bytes).
    Removing uart_program.o(.text.UART3_u8GetReceivedByte), (14 bytes).
    Removing uart_program.o(.ARM.exidx.text.UART3_u8GetReceivedByte), (8 bytes).
    Removing uart_program.o(.text.UART3_Receiver), (20 bytes).
    Removing uart_program.o(.ARM.exidx.text.UART3_Receiver), (8 bytes).
    Removing uart_program.o(.text.UART3_vidSendString), (28 bytes).
    Removing uart_program.o(.ARM.exidx.text.UART3_vidSendString), (8 bytes).
    Removing uart_program.o(.ARM.exidx.text.UART3_Handler), (8 bytes).
    Removing uart_program.o(.text.UART4_vidInit), (192 bytes).
    Removing uart_program.o(.ARM.exidx.text.UART4_vidInit), (8 bytes).
    Removing uart_program.o(.text.UART4_vidPutISRFunction), (12 bytes).
    Removing uart_program.o(.ARM.exidx.text.UART4_vidPutISRFunction), (8 bytes).
    Removing uart_program.o(.text.UART4_vidSendByte), (18 bytes).
    Removing uart_program.o(.ARM.exidx.text.UART4_vidSendByte), (8 bytes).
    Removing uart_program.o(.text.UART4_Receiver), (20 bytes).
    Removing uart_program.o(.ARM.exidx.text.UART4_Receiver), (8 bytes).
    Removing uart_program.o(.text.UART4_u8GetReceivedByte), (12 bytes).
    Removing uart_program.o(.ARM.exidx.text.UART4_u8GetReceivedByte), (8 bytes).
    Removing uart_program.o(.text.UART4_vidSendString), (28 bytes).
    Removing uart_program.o(.ARM.exidx.text.UART4_vidSendString), (8 bytes).
    Removing uart_program.o(.ARM.exidx.text.UART4_Handler), (8 bytes).
    Removing uart_program.o(.text.UART5_vidInit), (194 bytes).
    Removing uart_program.o(.ARM.exidx.text.UART5_vidInit), (8 bytes).
    Removing uart_program.o(.text.UART5_vidPutISRFunction), (12 bytes).
    Removing uart_program.o(.ARM.exidx.text.UART5_vidPutISRFunction), (8 bytes).
    Removing uart_program.o(.text.UART5_vidSendByte), (18 bytes).
    Removing uart_program.o(.ARM.exidx.text.UART5_vidSendByte), (8 bytes).
    Removing uart_program.o(.text.UART5_Receiver), (20 bytes).
    Removing uart_program.o(.ARM.exidx.text.UART5_Receiver), (8 bytes).
    Removing uart_program.o(.text.UART5_u8GetReceivedByte), (14 bytes).
    Removing uart_program.o(.ARM.exidx.text.UART5_u8GetReceivedByte), (8 bytes).
    Removing uart_program.o(.text.UART5_vidSendString), (28 bytes).
    Removing uart_program.o(.ARM.exidx.text.UART5_vidSendString), (8 bytes).
    Removing uart_program.o(.ARM.exidx.text.UART5_Handler), (8 bytes).
    Removing uart_program.o(.text.UART6_vidInit), (194 bytes).
    Removing uart_program.o(.ARM.exidx.text.UART6_vidInit), (8 bytes).
    Removing uart_program.o(.text.UART6_vidPutISRFunction), (12 bytes).
    Removing uart_program.o(.ARM.exidx.text.UART6_vidPutISRFunction), (8 bytes).
    Removing uart_program.o(.text.UART6_vidSendByte), (18 bytes).
    Removing uart_program.o(.ARM.exidx.text.UART6_vidSendByte), (8 bytes).
    Removing uart_program.o(.text.UART6_Receiver), (20 bytes).
    Removing uart_program.o(.ARM.exidx.text.UART6_Receiver), (8 bytes).
    Removing uart_program.o(.text.UART6_u8GetReceivedByte), (14 bytes).
    Removing uart_program.o(.ARM.exidx.text.UART6_u8GetReceivedByte), (8 bytes).
    Removing uart_program.o(.text.UART6_vidSendString), (28 bytes).
    Removing uart_program.o(.ARM.exidx.text.UART6_vidSendString), (8 bytes).
    Removing uart_program.o(.ARM.exidx.text.UART6_Handler), (8 bytes).
    Removing uart_program.o(.text.UART7_vidInit), (194 bytes).
    Removing uart_program.o(.ARM.exidx.text.UART7_vidInit), (8 bytes).
    Removing uart_program.o(.text.UART7_vidPutISRFunction), (12 bytes).
    Removing uart_program.o(.ARM.exidx.text.UART7_vidPutISRFunction), (8 bytes).
    Removing uart_program.o(.text.UART7_vidSendByte), (18 bytes).
    Removing uart_program.o(.ARM.exidx.text.UART7_vidSendByte), (8 bytes).
    Removing uart_program.o(.text.UART7_Receiver), (20 bytes).
    Removing uart_program.o(.ARM.exidx.text.UART7_Receiver), (8 bytes).
    Removing uart_program.o(.text.UART7_u8GetReceivedByte), (14 bytes).
    Removing uart_program.o(.ARM.exidx.text.UART7_u8GetReceivedByte), (8 bytes).
    Removing uart_program.o(.text.UART7_vidSendString), (28 bytes).
    Removing uart_program.o(.ARM.exidx.text.UART7_vidSendString), (8 bytes).
    Removing uart_program.o(.ARM.exidx.text.UART7_Handler), (8 bytes).
    Removing uart_program.o(.ARM.exidx.text.UART_vidSendNumber), (8 bytes).
    Removing app_program.o(.text), (0 bytes).
    Removing app_program.o(.text.APP_vidInit), (2 bytes).
    Removing app_program.o(.ARM.exidx.text.APP_vidInit), (8 bytes).
    Removing app_program.o(.ARM.exidx.text.APP_vidGetTemperature), (8 bytes).
    Removing scb_program.o(.text), (0 bytes).
    Removing scb_program.o(.ARM.exidx.text.SCB_vidTriggerPendSV), (8 bytes).
    Removing scb_program.o(.ARM.exidx.text.SCB_vidPutISR), (8 bytes).
    Removing scb_program.o(.ARM.exidx.text.PendSV_Handler), (8 bytes).
    Removing system_tm4c123.o(.text), (0 bytes).
    Removing system_tm4c123.o(.text.SystemCoreClockUpdate), (132 bytes).
    Removing system_tm4c123.o(.ARM.exidx.text.SystemCoreClockUpdate), (8 bytes).
    Removing system_tm4c123.o(.text.getOscClk), (56 bytes).
    Removing system_tm4c123.o(.ARM.exidx.text.getOscClk), (8 bytes).
    Removing system_tm4c123.o(.ARM.exidx.text.SystemInit), (8 bytes).
    Removing system_tm4c123.o(.data.SystemCoreClock), (4 bytes).
    Removing system_tm4c123.o(.rodata..Lswitch.table.getOscClk), (92 bytes).

254 unused section(s) (total 6618 bytes) removed from the image.

==============================================================================

Image Symbol Table

    Local Symbols

    Symbol Name                              Value     Ov Type        Size  Object(Section)

    ../clib/angel/boardlib.s                 0x00000000   Number         0  boardinit1.o ABSOLUTE
    ../clib/angel/boardlib.s                 0x00000000   Number         0  boardinit2.o ABSOLUTE
    ../clib/angel/boardlib.s                 0x00000000   Number         0  boardinit3.o ABSOLUTE
    ../clib/angel/boardlib.s                 0x00000000   Number         0  boardshut.o ABSOLUTE
    ../clib/angel/handlers.s                 0x00000000   Number         0  __scatter_zi.o ABSOLUTE
    ../clib/angel/kernel.s                   0x00000000   Number         0  __rtentry.o ABSOLUTE
    ../clib/angel/kernel.s                   0x00000000   Number         0  __rtentry2.o ABSOLUTE
    ../clib/angel/kernel.s                   0x00000000   Number         0  __rtentry4.o ABSOLUTE
    ../clib/angel/kernel.s                   0x00000000   Number         0  rtexit.o ABSOLUTE
    ../clib/angel/kernel.s                   0x00000000   Number         0  rtexit2.o ABSOLUTE
    ../clib/angel/rt.s                       0x00000000   Number         0  rt_raise.o ABSOLUTE
    ../clib/angel/scatter.s                  0x00000000   Number         0  __scatter.o ABSOLUTE
    ../clib/angel/startup.s                  0x00000000   Number         0  __main.o ABSOLUTE
    ../clib/angel/sys.s                      0x00000000   Number         0  sys_stackheap_outer.o ABSOLUTE
    ../clib/angel/sys.s                      0x00000000   Number         0  libspace.o ABSOLUTE
    ../clib/angel/sys.s                      0x00000000   Number         0  use_no_semi.o ABSOLUTE
    ../clib/angel/sys.s                      0x00000000   Number         0  indicate_semi.o ABSOLUTE
    ../clib/angel/sysapp.c                   0x00000000   Number         0  sys_exit.o ABSOLUTE
    ../clib/angel/sysapp.c                   0x00000000   Number         0  sys_exit_hlt.o ABSOLUTE
    ../clib/angel/sysapp.c                   0x00000000   Number         0  sys_command.o ABSOLUTE
    ../clib/angel/sysapp.c                   0x00000000   Number         0  sys_command_hlt.o ABSOLUTE
    ../clib/angel/sysapp.c                   0x00000000   Number         0  sys_wrch.o ABSOLUTE
    ../clib/angel/sysapp.c                   0x00000000   Number         0  sys_wrch_hlt.o ABSOLUTE
    ../clib/armsys.c                         0x00000000   Number         0  argv_veneer.o ABSOLUTE
    ../clib/armsys.c                         0x00000000   Number         0  argv_veneer.o ABSOLUTE
    ../clib/armsys.c                         0x00000000   Number         0  _get_argv_nomalloc.o ABSOLUTE
    ../clib/armsys.c                         0x00000000   Number         0  no_argv.o ABSOLUTE
    ../clib/heapalloc.c                      0x00000000   Number         0  hrguard.o ABSOLUTE
    ../clib/heapaux.c                        0x00000000   Number         0  heapauxi.o ABSOLUTE
    ../clib/libinit.s                        0x00000000   Number         0  libinit.o ABSOLUTE
    ../clib/libinit.s                        0x00000000   Number         0  libinit2.o ABSOLUTE
    ../clib/libinit.s                        0x00000000   Number         0  libshutdown.o ABSOLUTE
    ../clib/libinit.s                        0x00000000   Number         0  libshutdown2.o ABSOLUTE
    ../clib/signal.c                         0x00000000   Number         0  defsig_rtmem_outer.o ABSOLUTE
    ../clib/signal.c                         0x00000000   Number         0  defsig_rtmem_formal.o ABSOLUTE
    ../clib/signal.c                         0x00000000   Number         0  defsig_exit.o ABSOLUTE
    ../clib/signal.c                         0x00000000   Number         0  defsig_rtmem_inner.o ABSOLUTE
    ../clib/signal.c                         0x00000000   Number         0  __raise.o ABSOLUTE
    ../clib/signal.c                         0x00000000   Number         0  defsig_general.o ABSOLUTE
    ../clib/signal.c                         0x00000000   Number         0  defsig_abrt_inner.o ABSOLUTE
    ../clib/signal.c                         0x00000000   Number         0  defsig_fpe_inner.o ABSOLUTE
    ../clib/signal.c                         0x00000000   Number         0  defsig_rtred_inner.o ABSOLUTE
    ../clib/signal.c                         0x00000000   Number         0  defsig_stak_inner.o ABSOLUTE
    ../clib/signal.c                         0x00000000   Number         0  defsig_pvfn_inner.o ABSOLUTE
    ../clib/signal.c                         0x00000000   Number         0  defsig_cppl_inner.o ABSOLUTE
    ../clib/signal.c                         0x00000000   Number         0  defsig_segv_inner.o ABSOLUTE
    ../clib/signal.c                         0x00000000   Number         0  defsig_other.o ABSOLUTE
    ../clib/signal.s                         0x00000000   Number         0  defsig.o ABSOLUTE
    ../clib/stdlib.c                         0x00000000   Number         0  exit.o ABSOLUTE
    ../fplib/fpinit.s                        0x00000000   Number         0  fpinit.o ABSOLUTE
    APP_program.c                            0x00000000   Number         0  app_program.o ABSOLUTE
    DHT11_program.c                          0x00000000   Number         0  dht11_program.o ABSOLUTE
    GPIO_program.c                           0x00000000   Number         0  gpio_program.o ABSOLUTE
    LCD_program.c                            0x00000000   Number         0  lcd_program.o ABSOLUTE
    NVIC_program.c                           0x00000000   Number         0  nvic_program.o ABSOLUTE
    RTE/Device/TM4C123GH6PM/startup_TM4C123.s 0x00000000   Number         0  startup_tm4c123.o ABSOLUTE
    SCB_program.c                            0x00000000   Number         0  scb_program.o ABSOLUTE
    SYSCNTRL_program.c                       0x00000000   Number         0  syscntrl_program.o ABSOLUTE
    SysTick_program.c                        0x00000000   Number         0  systick_program.o ABSOLUTE
    TIMER0_program.c                         0x00000000   Number         0  timer0_program.o ABSOLUTE
    UART_program.c                           0x00000000   Number         0  uart_program.o ABSOLUTE
    dc.s                                     0x00000000   Number         0  dc.o ABSOLUTE
    main.c                                   0x00000000   Number         0  main.o ABSOLUTE
    system_TM4C123.c                         0x00000000   Number         0  system_tm4c123.o ABSOLUTE
    RESET                                    0x00000000   Section      620  startup_tm4c123.o(RESET)
    !!!main                                  0x0000026c   Section        8  __main.o(!!!main)
    !!!scatter                               0x00000274   Section       52  __scatter.o(!!!scatter)
    !!handler_zi                             0x000002a8   Section       28  __scatter_zi.o(!!handler_zi)
    .ARM.Collect$$libinit$$00000000          0x000002c4   Section        2  libinit.o(.ARM.Collect$$libinit$$00000000)
    .ARM.Collect$$libinit$$00000001          0x000002c6   Section        4  libinit2.o(.ARM.Collect$$libinit$$00000001)
    .ARM.Collect$$libinit$$00000004          0x000002ca   Section        0  libinit2.o(.ARM.Collect$$libinit$$00000004)
    .ARM.Collect$$libinit$$0000000A          0x000002ca   Section        0  libinit2.o(.ARM.Collect$$libinit$$0000000A)
    .ARM.Collect$$libinit$$0000000C          0x000002ca   Section        0  libinit2.o(.ARM.Collect$$libinit$$0000000C)
    .ARM.Collect$$libinit$$0000000E          0x000002ca   Section        0  libinit2.o(.ARM.Collect$$libinit$$0000000E)
    .ARM.Collect$$libinit$$00000011          0x000002ca   Section        0  libinit2.o(.ARM.Collect$$libinit$$00000011)
    .ARM.Collect$$libinit$$00000013          0x000002ca   Section        0  libinit2.o(.ARM.Collect$$libinit$$00000013)
    .ARM.Collect$$libinit$$00000015          0x000002ca   Section        0  libinit2.o(.ARM.Collect$$libinit$$00000015)
    .ARM.Collect$$libinit$$00000017          0x000002ca   Section        0  libinit2.o(.ARM.Collect$$libinit$$00000017)
    .ARM.Collect$$libinit$$00000019          0x000002ca   Section        0  libinit2.o(.ARM.Collect$$libinit$$00000019)
    .ARM.Collect$$libinit$$0000001B          0x000002ca   Section        0  libinit2.o(.ARM.Collect$$libinit$$0000001B)
    .ARM.Collect$$libinit$$0000001D          0x000002ca   Section        0  libinit2.o(.ARM.Collect$$libinit$$0000001D)
    .ARM.Collect$$libinit$$0000001F          0x000002ca   Section        0  libinit2.o(.ARM.Collect$$libinit$$0000001F)
    .ARM.Collect$$libinit$$00000021          0x000002ca   Section        0  libinit2.o(.ARM.Collect$$libinit$$00000021)
    .ARM.Collect$$libinit$$00000023          0x000002ca   Section        0  libinit2.o(.ARM.Collect$$libinit$$00000023)
    .ARM.Collect$$libinit$$00000025          0x000002ca   Section        0  libinit2.o(.ARM.Collect$$libinit$$00000025)
    .ARM.Collect$$libinit$$0000002C          0x000002ca   Section        0  libinit2.o(.ARM.Collect$$libinit$$0000002C)
    .ARM.Collect$$libinit$$0000002E          0x000002ca   Section        0  libinit2.o(.ARM.Collect$$libinit$$0000002E)
    .ARM.Collect$$libinit$$00000030          0x000002ca   Section        0  libinit2.o(.ARM.Collect$$libinit$$00000030)
    .ARM.Collect$$libinit$$00000032          0x000002ca   Section        0  libinit2.o(.ARM.Collect$$libinit$$00000032)
    .ARM.Collect$$libinit$$00000033          0x000002ca   Section        2  libinit2.o(.ARM.Collect$$libinit$$00000033)
    .ARM.Collect$$libshutdown$$00000000      0x000002cc   Section        2  libshutdown.o(.ARM.Collect$$libshutdown$$00000000)
    .ARM.Collect$$libshutdown$$00000002      0x000002ce   Section        0  libshutdown2.o(.ARM.Collect$$libshutdown$$00000002)
    .ARM.Collect$$libshutdown$$00000004      0x000002ce   Section        0  libshutdown2.o(.ARM.Collect$$libshutdown$$00000004)
    .ARM.Collect$$libshutdown$$00000007      0x000002ce   Section        0  libshutdown2.o(.ARM.Collect$$libshutdown$$00000007)
    .ARM.Collect$$libshutdown$$0000000A      0x000002ce   Section        0  libshutdown2.o(.ARM.Collect$$libshutdown$$0000000A)
    .ARM.Collect$$libshutdown$$0000000C      0x000002ce   Section        0  libshutdown2.o(.ARM.Collect$$libshutdown$$0000000C)
    .ARM.Collect$$libshutdown$$0000000F      0x000002ce   Section        0  libshutdown2.o(.ARM.Collect$$libshutdown$$0000000F)
    .ARM.Collect$$libshutdown$$00000010      0x000002ce   Section        2  libshutdown2.o(.ARM.Collect$$libshutdown$$00000010)
    .ARM.Collect$$rtentry$$00000000          0x000002d0   Section        0  __rtentry.o(.ARM.Collect$$rtentry$$00000000)
    .ARM.Collect$$rtentry$$00000002          0x000002d0   Section        0  __rtentry2.o(.ARM.Collect$$rtentry$$00000002)
    .ARM.Collect$$rtentry$$00000004          0x000002d0   Section        6  __rtentry4.o(.ARM.Collect$$rtentry$$00000004)
    .ARM.Collect$$rtentry$$00000009          0x000002d6   Section        0  __rtentry2.o(.ARM.Collect$$rtentry$$00000009)
    .ARM.Collect$$rtentry$$0000000A          0x000002d6   Section        4  __rtentry2.o(.ARM.Collect$$rtentry$$0000000A)
    .ARM.Collect$$rtentry$$0000000C          0x000002da   Section        0  __rtentry2.o(.ARM.Collect$$rtentry$$0000000C)
    .ARM.Collect$$rtentry$$0000000D          0x000002da   Section        8  __rtentry2.o(.ARM.Collect$$rtentry$$0000000D)
    .ARM.Collect$$rtexit$$00000000           0x000002e2   Section        2  rtexit.o(.ARM.Collect$$rtexit$$00000000)
    .ARM.Collect$$rtexit$$00000002           0x000002e4   Section        0  rtexit2.o(.ARM.Collect$$rtexit$$00000002)
    .ARM.Collect$$rtexit$$00000003           0x000002e4   Section        4  rtexit2.o(.ARM.Collect$$rtexit$$00000003)
    .ARM.Collect$$rtexit$$00000004           0x000002e8   Section        6  rtexit2.o(.ARM.Collect$$rtexit$$00000004)
    $v0                                      0x000002f0   Number         0  startup_tm4c123.o(.text)
    .text                                    0x000002f0   Section      276  startup_tm4c123.o(.text)
    .text                                    0x00000404   Section        0  heapauxi.o(.text)
    .text                                    0x0000040a   Section       74  sys_stackheap_outer.o(.text)
    .text                                    0x00000454   Section        0  exit.o(.text)
    .text                                    0x00000468   Section        8  libspace.o(.text)
    .text                                    0x00000470   Section        0  sys_exit.o(.text)
    .text                                    0x0000047c   Section        2  use_no_semi.o(.text)
    .text                                    0x0000047e   Section        0  indicate_semi.o(.text)
    [Anonymous Symbol]                       0x00000480   Section        0  app_program.o(.text.APP_vidGetTemperature)
    [Anonymous Symbol]                       0x000005a4   Section        0  dht11_program.o(.text.DHT11_u8CheckResponse)
    [Anonymous Symbol]                       0x000005e0   Section        0  dht11_program.o(.text.DHT11_u8ReadByte)
    [Anonymous Symbol]                       0x00000630   Section        0  dht11_program.o(.text.DHT11_vidInit)
    [Anonymous Symbol]                       0x00000648   Section        0  dht11_program.o(.text.DHT11_vidStart)
    [Anonymous Symbol]                       0x00000684   Section        0  gpio_program.o(.text.GPIOA_Handler)
    [Anonymous Symbol]                       0x00000694   Section        0  gpio_program.o(.text.GPIOB_Handler)
    [Anonymous Symbol]                       0x000006a4   Section        0  gpio_program.o(.text.GPIOC_Handler)
    [Anonymous Symbol]                       0x000006b4   Section        0  gpio_program.o(.text.GPIOD_Handler)
    [Anonymous Symbol]                       0x000006c4   Section        0  gpio_program.o(.text.GPIOE_Handler)
    [Anonymous Symbol]                       0x000006d4   Section        0  gpio_program.o(.text.GPIOF_Handler)
    [Anonymous Symbol]                       0x000006e4   Section        0  gpio_program.o(.text.GPIO_u8GetPinValue)
    [Anonymous Symbol]                       0x00000728   Section        0  gpio_program.o(.text.GPIO_vidSelectAlterFunction)
    [Anonymous Symbol]                       0x00000768   Section        0  gpio_program.o(.text.GPIO_vidSetPinDigEnable)
    [Anonymous Symbol]                       0x00000800   Section        0  gpio_program.o(.text.GPIO_vidSetPinDirection)
    [Anonymous Symbol]                       0x00000898   Section        0  gpio_program.o(.text.GPIO_vidSetPinValue)
    [Anonymous Symbol]                       0x00000930   Section        0  gpio_program.o(.text.GPIO_vidTogglePin)
    [Anonymous Symbol]                       0x00000970   Section        0  scb_program.o(.text.PendSV_Handler)
    [Anonymous Symbol]                       0x00000980   Section        0  scb_program.o(.text.SCB_vidPutISR)
    [Anonymous Symbol]                       0x00000990   Section        0  scb_program.o(.text.SCB_vidTriggerPendSV)
    [Anonymous Symbol]                       0x000009a4   Section        0  syscntrl_program.o(.text.SYSCNTRL_vidChangeSysClock)
    [Anonymous Symbol]                       0x00000a2c   Section        0  syscntrl_program.o(.text.SYSCNTRL_vidEnableGPIOClock)
    [Anonymous Symbol]                       0x00000a64   Section        0  syscntrl_program.o(.text.SYSCNTRL_vidEnableUARTClock)
    [Anonymous Symbol]                       0x00000a90   Section        0  systick_program.o(.text.SysTick_Handler)
    [Anonymous Symbol]                       0x00000aa0   Section        0  systick_program.o(.text.SysTick_vidInitExtended)
    [Anonymous Symbol]                       0x00000ad8   Section        0  systick_program.o(.text.SysTick_vidPutISR)
    [Anonymous Symbol]                       0x00000ae4   Section        0  systick_program.o(.text.SysTick_vidSetValue)
    [Anonymous Symbol]                       0x00000af0   Section        0  system_tm4c123.o(.text.SystemInit)
    [Anonymous Symbol]                       0x00000b04   Section        0  timer0_program.o(.text.TIMER0A_Handler)
    [Anonymous Symbol]                       0x00000b1c   Section        0  timer0_program.o(.text.TIMER0_vidDelayMicro)
    [Anonymous Symbol]                       0x00000b6c   Section        0  timer0_program.o(.text.TIMER0_vidInit)
    [Anonymous Symbol]                       0x00000bb8   Section        0  uart_program.o(.text.UART0_Handler)
    [Anonymous Symbol]                       0x00000bd4   Section        0  uart_program.o(.text.UART0_u8GetReceivedByte)
    [Anonymous Symbol]                       0x00000be4   Section        0  uart_program.o(.text.UART0_vidInit)
    [Anonymous Symbol]                       0x00000ca8   Section        0  uart_program.o(.text.UART0_vidPutISRFunction)
    [Anonymous Symbol]                       0x00000cb4   Section        0  uart_program.o(.text.UART0_vidSendByte)
    [Anonymous Symbol]                       0x00000cc8   Section        0  uart_program.o(.text.UART0_vidSendString)
    [Anonymous Symbol]                       0x00000ce4   Section        0  uart_program.o(.text.UART1_Handler)
    [Anonymous Symbol]                       0x00000d00   Section        0  uart_program.o(.text.UART2_Handler)
    [Anonymous Symbol]                       0x00000d1c   Section        0  uart_program.o(.text.UART3_Handler)
    [Anonymous Symbol]                       0x00000d38   Section        0  uart_program.o(.text.UART4_Handler)
    [Anonymous Symbol]                       0x00000d54   Section        0  uart_program.o(.text.UART5_Handler)
    [Anonymous Symbol]                       0x00000d70   Section        0  uart_program.o(.text.UART6_Handler)
    [Anonymous Symbol]                       0x00000d8c   Section        0  uart_program.o(.text.UART7_Handler)
    [Anonymous Symbol]                       0x00000da8   Section        0  uart_program.o(.text.UART_vidSendNumber)
    __NVIC_EnableIRQ                         0x00000e71   Thumb Code    14  main.o(.text.__NVIC_EnableIRQ)
    [Anonymous Symbol]                       0x00000e70   Section        0  main.o(.text.__NVIC_EnableIRQ)
    __NVIC_EnableIRQ                         0x00000e81   Thumb Code    16  timer0_program.o(.text.__NVIC_EnableIRQ)
    [Anonymous Symbol]                       0x00000e80   Section        0  timer0_program.o(.text.__NVIC_EnableIRQ)
    __NVIC_GetPriority                       0x00000e91   Thumb Code    14  main.o(.text.__NVIC_GetPriority)
    [Anonymous Symbol]                       0x00000e90   Section        0  main.o(.text.__NVIC_GetPriority)
    __NVIC_SetPriority                       0x00000ea1   Thumb Code    34  main.o(.text.__NVIC_SetPriority)
    [Anonymous Symbol]                       0x00000ea0   Section        0  main.o(.text.__NVIC_SetPriority)
    __NVIC_SetPriority                       0x00000ec5   Thumb Code    14  timer0_program.o(.text.__NVIC_SetPriority)
    [Anonymous Symbol]                       0x00000ec4   Section        0  timer0_program.o(.text.__NVIC_SetPriority)
    [Anonymous Symbol]                       0x00000ed4   Section        0  main.o(.text.main)
    [Anonymous Symbol]                       0x00000ff4   Section        0  main.o(.text.vidBlink)
    [Anonymous Symbol]                       0x00001000   Section        0  timer0_program.o(.text.vidCountOVF)
    [Anonymous Symbol]                       0x00001010   Section        0  main.o(.text.vidProcessCommand)
    [Anonymous Symbol]                       0x0000102c   Section        0  main.o(.text.vidTest)
    $v0                                      0x0000104e   Number         0  fpinit.o(x$fpl$fpinit)
    x$fpl$fpinit                             0x0000104e   Section       26  fpinit.o(x$fpl$fpinit)
    .L.str.1                                 0x00001068   Data          16  app_program.o(.rodata.str1.1)
    [Anonymous Symbol]                       0x00001068   Section        0  app_program.o(.rodata.str1.1)
    .L.str                                   0x00001078   Data          17  app_program.o(.rodata.str1.1)
    .bss                                     0x20000000   Section       96  libspace.o(.bss)
    callback                                 0x20000080   Data           4  systick_program.o(.bss.callback)
    [Anonymous Symbol]                       0x20000080   Section        0  systick_program.o(.bss.callback)
    pFunPendSV                               0x20000084   Data           4  scb_program.o(.bss.pFunPendSV)
    [Anonymous Symbol]                       0x20000084   Section        0  scb_program.o(.bss.pFunPendSV)
    ptrF_GPIOA                               0x20000088   Data           4  gpio_program.o(.bss.ptrF_GPIOA)
    [Anonymous Symbol]                       0x20000088   Section        0  gpio_program.o(.bss.ptrF_GPIOA)
    ptrF_GPIOB                               0x2000008c   Data           4  gpio_program.o(.bss.ptrF_GPIOB)
    [Anonymous Symbol]                       0x2000008c   Section        0  gpio_program.o(.bss.ptrF_GPIOB)
    ptrF_GPIOC                               0x20000090   Data           4  gpio_program.o(.bss.ptrF_GPIOC)
    [Anonymous Symbol]                       0x20000090   Section        0  gpio_program.o(.bss.ptrF_GPIOC)
    ptrF_GPIOD                               0x20000094   Data           4  gpio_program.o(.bss.ptrF_GPIOD)
    [Anonymous Symbol]                       0x20000094   Section        0  gpio_program.o(.bss.ptrF_GPIOD)
    ptrF_GPIOE                               0x20000098   Data           4  gpio_program.o(.bss.ptrF_GPIOE)
    [Anonymous Symbol]                       0x20000098   Section        0  gpio_program.o(.bss.ptrF_GPIOE)
    ptrF_GPIOF                               0x2000009c   Data           4  gpio_program.o(.bss.ptrF_GPIOF)
    [Anonymous Symbol]                       0x2000009c   Section        0  gpio_program.o(.bss.ptrF_GPIOF)
    Heap_Mem                                 0x200000b0   Data           0  startup_tm4c123.o(HEAP)
    Stack_Mem                                0x200000b0   Data         512  startup_tm4c123.o(STACK)
    HEAP                                     0x200000b0   Section        0  startup_tm4c123.o(HEAP)
    STACK                                    0x200000b0   Section      512  startup_tm4c123.o(STACK)
    __initial_sp                             0x200002b0   Data           0  startup_tm4c123.o(STACK)

    Global Symbols

    Symbol Name                              Value     Ov Type        Size  Object(Section)

    BuildAttributes$$THM_ISAv4$E$P$D$K$B$S$7EM$VFPi3$EXTD16$VFPS$VFMA$PE$A:L22UL41UL21$X:L11$S22US41US21$IEEE1$IW$~IW$USESV6$~STKCKD$USESV7$~SHL$OTIME$ROPI$EBA8$UX$STANDARDLIB$REQ8$PRES8$EABIv2 0x00000000   Number         0  anon$$obj.o ABSOLUTE
    __Vectors                                0x00000000   Data           4  startup_tm4c123.o(RESET)
    __ARM_exceptions_init                     - Undefined Weak Reference
    __alloca_initialize                       - Undefined Weak Reference
    __arm_preinit_                            - Undefined Weak Reference
    __cpp_initialize__aeabi_                  - Undefined Weak Reference
    __cxa_finalize                            - Undefined Weak Reference
    __rt_locale                               - Undefined Weak Reference
    __sigvec_lookup                           - Undefined Weak Reference
    _atexit_init                              - Undefined Weak Reference
    _call_atexit_fns                          - Undefined Weak Reference
    _clock_init                               - Undefined Weak Reference
    _fp_trap_init                             - Undefined Weak Reference
    _fp_trap_shutdown                         - Undefined Weak Reference
    _get_lc_collate                           - Undefined Weak Reference
    _get_lc_ctype                             - Undefined Weak Reference
    _get_lc_monetary                          - Undefined Weak Reference
    _get_lc_numeric                           - Undefined Weak Reference
    _get_lc_time                              - Undefined Weak Reference
    _getenv_init                              - Undefined Weak Reference
    _handle_redirection                       - Undefined Weak Reference
    _init_alloc                               - Undefined Weak Reference
    _init_user_alloc                          - Undefined Weak Reference
    _initio                                   - Undefined Weak Reference
    _rand_init                                - Undefined Weak Reference
    _signal_finish                            - Undefined Weak Reference
    _signal_init                              - Undefined Weak Reference
    _terminate_alloc                          - Undefined Weak Reference
    _terminate_user_alloc                     - Undefined Weak Reference
    _terminateio                              - Undefined Weak Reference
    __Vectors_End                            0x0000026c   Data           0  startup_tm4c123.o(RESET)
    __Vectors_Size                           0x0000026c   Number         0  startup_tm4c123.o ABSOLUTE
    __main                                   0x0000026d   Thumb Code     8  __main.o(!!!main)
    __scatterload                            0x00000275   Thumb Code     0  __scatter.o(!!!scatter)
    __scatterload_rt2                        0x00000275   Thumb Code    44  __scatter.o(!!!scatter)
    __scatterload_rt2_thumb_only             0x00000275   Thumb Code     0  __scatter.o(!!!scatter)
    __scatterload_null                       0x00000283   Thumb Code     0  __scatter.o(!!!scatter)
    __scatterload_zeroinit                   0x000002a9   Thumb Code    28  __scatter_zi.o(!!handler_zi)
    __rt_lib_init                            0x000002c5   Thumb Code     0  libinit.o(.ARM.Collect$$libinit$$00000000)
    __rt_lib_init_fp_1                       0x000002c7   Thumb Code     0  libinit2.o(.ARM.Collect$$libinit$$00000001)
    __rt_lib_init_alloca_1                   0x000002cb   Thumb Code     0  libinit2.o(.ARM.Collect$$libinit$$0000002E)
    __rt_lib_init_argv_1                     0x000002cb   Thumb Code     0  libinit2.o(.ARM.Collect$$libinit$$0000002C)
    __rt_lib_init_atexit_1                   0x000002cb   Thumb Code     0  libinit2.o(.ARM.Collect$$libinit$$0000001B)
    __rt_lib_init_clock_1                    0x000002cb   Thumb Code     0  libinit2.o(.ARM.Collect$$libinit$$00000021)
    __rt_lib_init_cpp_1                      0x000002cb   Thumb Code     0  libinit2.o(.ARM.Collect$$libinit$$00000032)
    __rt_lib_init_exceptions_1               0x000002cb   Thumb Code     0  libinit2.o(.ARM.Collect$$libinit$$00000030)
    __rt_lib_init_fp_trap_1                  0x000002cb   Thumb Code     0  libinit2.o(.ARM.Collect$$libinit$$0000001F)
    __rt_lib_init_getenv_1                   0x000002cb   Thumb Code     0  libinit2.o(.ARM.Collect$$libinit$$00000023)
    __rt_lib_init_heap_1                     0x000002cb   Thumb Code     0  libinit2.o(.ARM.Collect$$libinit$$0000000A)
    __rt_lib_init_lc_collate_1               0x000002cb   Thumb Code     0  libinit2.o(.ARM.Collect$$libinit$$00000011)
    __rt_lib_init_lc_ctype_1                 0x000002cb   Thumb Code     0  libinit2.o(.ARM.Collect$$libinit$$00000013)
    __rt_lib_init_lc_monetary_1              0x000002cb   Thumb Code     0  libinit2.o(.ARM.Collect$$libinit$$00000015)
    __rt_lib_init_lc_numeric_1               0x000002cb   Thumb Code     0  libinit2.o(.ARM.Collect$$libinit$$00000017)
    __rt_lib_init_lc_time_1                  0x000002cb   Thumb Code     0  libinit2.o(.ARM.Collect$$libinit$$00000019)
    __rt_lib_init_preinit_1                  0x000002cb   Thumb Code     0  libinit2.o(.ARM.Collect$$libinit$$00000004)
    __rt_lib_init_rand_1                     0x000002cb   Thumb Code     0  libinit2.o(.ARM.Collect$$libinit$$0000000E)
    __rt_lib_init_return                     0x000002cb   Thumb Code     0  libinit2.o(.ARM.Collect$$libinit$$00000033)
    __rt_lib_init_signal_1                   0x000002cb   Thumb Code     0  libinit2.o(.ARM.Collect$$libinit$$0000001D)
    __rt_lib_init_stdio_1                    0x000002cb   Thumb Code     0  libinit2.o(.ARM.Collect$$libinit$$00000025)
    __rt_lib_init_user_alloc_1               0x000002cb   Thumb Code     0  libinit2.o(.ARM.Collect$$libinit$$0000000C)
    __rt_lib_shutdown                        0x000002cd   Thumb Code     0  libshutdown.o(.ARM.Collect$$libshutdown$$00000000)
    __rt_lib_shutdown_cpp_1                  0x000002cf   Thumb Code     0  libshutdown2.o(.ARM.Collect$$libshutdown$$00000002)
    __rt_lib_shutdown_fp_trap_1              0x000002cf   Thumb Code     0  libshutdown2.o(.ARM.Collect$$libshutdown$$00000007)
    __rt_lib_shutdown_heap_1                 0x000002cf   Thumb Code     0  libshutdown2.o(.ARM.Collect$$libshutdown$$0000000F)
    __rt_lib_shutdown_return                 0x000002cf   Thumb Code     0  libshutdown2.o(.ARM.Collect$$libshutdown$$00000010)
    __rt_lib_shutdown_signal_1               0x000002cf   Thumb Code     0  libshutdown2.o(.ARM.Collect$$libshutdown$$0000000A)
    __rt_lib_shutdown_stdio_1                0x000002cf   Thumb Code     0  libshutdown2.o(.ARM.Collect$$libshutdown$$00000004)
    __rt_lib_shutdown_user_alloc_1           0x000002cf   Thumb Code     0  libshutdown2.o(.ARM.Collect$$libshutdown$$0000000C)
    __rt_entry                               0x000002d1   Thumb Code     0  __rtentry.o(.ARM.Collect$$rtentry$$00000000)
    __rt_entry_presh_1                       0x000002d1   Thumb Code     0  __rtentry2.o(.ARM.Collect$$rtentry$$00000002)
    __rt_entry_sh                            0x000002d1   Thumb Code     0  __rtentry4.o(.ARM.Collect$$rtentry$$00000004)
    __rt_entry_li                            0x000002d7   Thumb Code     0  __rtentry2.o(.ARM.Collect$$rtentry$$0000000A)
    __rt_entry_postsh_1                      0x000002d7   Thumb Code     0  __rtentry2.o(.ARM.Collect$$rtentry$$00000009)
    __rt_entry_main                          0x000002db   Thumb Code     0  __rtentry2.o(.ARM.Collect$$rtentry$$0000000D)
    __rt_entry_postli_1                      0x000002db   Thumb Code     0  __rtentry2.o(.ARM.Collect$$rtentry$$0000000C)
    __rt_exit                                0x000002e3   Thumb Code     0  rtexit.o(.ARM.Collect$$rtexit$$00000000)
    __rt_exit_ls                             0x000002e5   Thumb Code     0  rtexit2.o(.ARM.Collect$$rtexit$$00000003)
    __rt_exit_prels_1                        0x000002e5   Thumb Code     0  rtexit2.o(.ARM.Collect$$rtexit$$00000002)
    __rt_exit_exit                           0x000002e9   Thumb Code     0  rtexit2.o(.ARM.Collect$$rtexit$$00000004)
    Reset_Handler                            0x000002f1   Thumb Code     8  startup_tm4c123.o(.text)
    NMI_Handler                              0x000002f9   Thumb Code     2  startup_tm4c123.o(.text)
    HardFault_Handler                        0x000002fb   Thumb Code     2  startup_tm4c123.o(.text)
    MemManage_Handler                        0x000002fd   Thumb Code     2  startup_tm4c123.o(.text)
    BusFault_Handler                         0x000002ff   Thumb Code     2  startup_tm4c123.o(.text)
    UsageFault_Handler                       0x00000301   Thumb Code     2  startup_tm4c123.o(.text)
    SVC_Handler                              0x00000303   Thumb Code     2  startup_tm4c123.o(.text)
    DebugMon_Handler                         0x00000305   Thumb Code     2  startup_tm4c123.o(.text)
    SSI0_Handler                             0x00000319   Thumb Code     2  startup_tm4c123.o(.text)
    I2C0_Handler                             0x0000031b   Thumb Code     2  startup_tm4c123.o(.text)
    PMW0_FAULT_Handler                       0x0000031d   Thumb Code     2  startup_tm4c123.o(.text)
    PWM0_0_Handler                           0x0000031f   Thumb Code     2  startup_tm4c123.o(.text)
    PWM0_1_Handler                           0x00000321   Thumb Code     2  startup_tm4c123.o(.text)
    PWM0_2_Handler                           0x00000323   Thumb Code     2  startup_tm4c123.o(.text)
    QEI0_Handler                             0x00000325   Thumb Code     2  startup_tm4c123.o(.text)
    ADC0SS0_Handler                          0x00000327   Thumb Code     2  startup_tm4c123.o(.text)
    ADC0SS1_Handler                          0x00000329   Thumb Code     2  startup_tm4c123.o(.text)
    ADC0SS2_Handler                          0x0000032b   Thumb Code     2  startup_tm4c123.o(.text)
    ADC0SS3_Handler                          0x0000032d   Thumb Code     2  startup_tm4c123.o(.text)
    WDT0_Handler                             0x0000032f   Thumb Code     2  startup_tm4c123.o(.text)
    TIMER0B_Handler                          0x00000333   Thumb Code     2  startup_tm4c123.o(.text)
    TIMER1A_Handler                          0x00000335   Thumb Code     2  startup_tm4c123.o(.text)
    TIMER1B_Handler                          0x00000337   Thumb Code     2  startup_tm4c123.o(.text)
    TIMER2A_Handler                          0x00000339   Thumb Code     2  startup_tm4c123.o(.text)
    TIMER2B_Handler                          0x0000033b   Thumb Code     2  startup_tm4c123.o(.text)
    COMP0_Handler                            0x0000033d   Thumb Code     2  startup_tm4c123.o(.text)
    COMP1_Handler                            0x0000033f   Thumb Code     2  startup_tm4c123.o(.text)
    COMP2_Handler                            0x00000341   Thumb Code     2  startup_tm4c123.o(.text)
    SYSCTL_Handler                           0x00000343   Thumb Code     2  startup_tm4c123.o(.text)
    FLASH_Handler                            0x00000345   Thumb Code     2  startup_tm4c123.o(.text)
    GPIOG_Handler                            0x00000349   Thumb Code     2  startup_tm4c123.o(.text)
    GPIOH_Handler                            0x0000034b   Thumb Code     2  startup_tm4c123.o(.text)
    SSI1_Handler                             0x0000034f   Thumb Code     2  startup_tm4c123.o(.text)
    TIMER3A_Handler                          0x00000351   Thumb Code     2  startup_tm4c123.o(.text)
    TIMER3B_Handler                          0x00000353   Thumb Code     2  startup_tm4c123.o(.text)
    I2C1_Handler                             0x00000355   Thumb Code     2  startup_tm4c123.o(.text)
    QEI1_Handler                             0x00000357   Thumb Code     2  startup_tm4c123.o(.text)
    CAN0_Handler                             0x00000359   Thumb Code     2  startup_tm4c123.o(.text)
    CAN1_Handler                             0x0000035b   Thumb Code     2  startup_tm4c123.o(.text)
    CAN2_Handler                             0x0000035d   Thumb Code     2  startup_tm4c123.o(.text)
    HIB_Handler                              0x0000035f   Thumb Code     2  startup_tm4c123.o(.text)
    USB0_Handler                             0x00000361   Thumb Code     2  startup_tm4c123.o(.text)
    PWM0_3_Handler                           0x00000363   Thumb Code     2  startup_tm4c123.o(.text)
    UDMA_Handler                             0x00000365   Thumb Code     2  startup_tm4c123.o(.text)
    UDMAERR_Handler                          0x00000367   Thumb Code     2  startup_tm4c123.o(.text)
    ADC1SS0_Handler                          0x00000369   Thumb Code     2  startup_tm4c123.o(.text)
    ADC1SS1_Handler                          0x0000036b   Thumb Code     2  startup_tm4c123.o(.text)
    ADC1SS2_Handler                          0x0000036d   Thumb Code     2  startup_tm4c123.o(.text)
    ADC1SS3_Handler                          0x0000036f   Thumb Code     2  startup_tm4c123.o(.text)
    GPIOJ_Handler                            0x00000371   Thumb Code     2  startup_tm4c123.o(.text)
    GPIOK_Handler                            0x00000373   Thumb Code     2  startup_tm4c123.o(.text)
    GPIOL_Handler                            0x00000375   Thumb Code     2  startup_tm4c123.o(.text)
    SSI2_Handler                             0x00000377   Thumb Code     2  startup_tm4c123.o(.text)
    SSI3_Handler                             0x00000379   Thumb Code     2  startup_tm4c123.o(.text)
    I2C2_Handler                             0x00000385   Thumb Code     2  startup_tm4c123.o(.text)
    I2C3_Handler                             0x00000387   Thumb Code     2  startup_tm4c123.o(.text)
    TIMER4A_Handler                          0x00000389   Thumb Code     2  startup_tm4c123.o(.text)
    TIMER4B_Handler                          0x0000038b   Thumb Code     2  startup_tm4c123.o(.text)
    TIMER5A_Handler                          0x0000038d   Thumb Code     2  startup_tm4c123.o(.text)
    TIMER5B_Handler                          0x0000038f   Thumb Code     2  startup_tm4c123.o(.text)
    WTIMER0A_Handler                         0x00000391   Thumb Code     2  startup_tm4c123.o(.text)
    WTIMER0B_Handler                         0x00000393   Thumb Code     2  startup_tm4c123.o(.text)
    WTIMER1A_Handler                         0x00000395   Thumb Code     2  startup_tm4c123.o(.text)
    WTIMER1B_Handler                         0x00000397   Thumb Code     2  startup_tm4c123.o(.text)
    WTIMER2A_Handler                         0x00000399   Thumb Code     2  startup_tm4c123.o(.text)
    WTIMER2B_Handler                         0x0000039b   Thumb Code     2  startup_tm4c123.o(.text)
    WTIMER3A_Handler                         0x0000039d   Thumb Code     2  startup_tm4c123.o(.text)
    WTIMER3B_Handler                         0x0000039f   Thumb Code     2  startup_tm4c123.o(.text)
    WTIMER4A_Handler                         0x000003a1   Thumb Code     2  startup_tm4c123.o(.text)
    WTIMER4B_Handler                         0x000003a3   Thumb Code     2  startup_tm4c123.o(.text)
    WTIMER5A_Handler                         0x000003a5   Thumb Code     2  startup_tm4c123.o(.text)
    WTIMER5B_Handler                         0x000003a7   Thumb Code     2  startup_tm4c123.o(.text)
    FPU_Handler                              0x000003a9   Thumb Code     2  startup_tm4c123.o(.text)
    I2C4_Handler                             0x000003ab   Thumb Code     2  startup_tm4c123.o(.text)
    I2C5_Handler                             0x000003ad   Thumb Code     2  startup_tm4c123.o(.text)
    GPIOM_Handler                            0x000003af   Thumb Code     2  startup_tm4c123.o(.text)
    GPION_Handler                            0x000003b1   Thumb Code     2  startup_tm4c123.o(.text)
    QEI2_Handler                             0x000003b3   Thumb Code     2  startup_tm4c123.o(.text)
    GPIOP0_Handler                           0x000003b5   Thumb Code     2  startup_tm4c123.o(.text)
    GPIOP1_Handler                           0x000003b7   Thumb Code     2  startup_tm4c123.o(.text)
    GPIOP2_Handler                           0x000003b9   Thumb Code     2  startup_tm4c123.o(.text)
    GPIOP3_Handler                           0x000003bb   Thumb Code     2  startup_tm4c123.o(.text)
    GPIOP4_Handler                           0x000003bd   Thumb Code     2  startup_tm4c123.o(.text)
    GPIOP5_Handler                           0x000003bf   Thumb Code     2  startup_tm4c123.o(.text)
    GPIOP6_Handler                           0x000003c1   Thumb Code     2  startup_tm4c123.o(.text)
    GPIOP7_Handler                           0x000003c3   Thumb Code     2  startup_tm4c123.o(.text)
    GPIOQ0_Handler                           0x000003c5   Thumb Code     2  startup_tm4c123.o(.text)
    GPIOQ1_Handler                           0x000003c7   Thumb Code     2  startup_tm4c123.o(.text)
    GPIOQ2_Handler                           0x000003c9   Thumb Code     2  startup_tm4c123.o(.text)
    GPIOQ3_Handler                           0x000003cb   Thumb Code     2  startup_tm4c123.o(.text)
    GPIOQ4_Handler                           0x000003cd   Thumb Code     2  startup_tm4c123.o(.text)
    GPIOQ5_Handler                           0x000003cf   Thumb Code     2  startup_tm4c123.o(.text)
    GPIOQ6_Handler                           0x000003d1   Thumb Code     2  startup_tm4c123.o(.text)
    GPIOQ7_Handler                           0x000003d3   Thumb Code     2  startup_tm4c123.o(.text)
    GPIOR_Handler                            0x000003d5   Thumb Code     2  startup_tm4c123.o(.text)
    GPIOS_Handler                            0x000003d7   Thumb Code     2  startup_tm4c123.o(.text)
    PMW1_0_Handler                           0x000003d9   Thumb Code     2  startup_tm4c123.o(.text)
    PWM1_1_Handler                           0x000003db   Thumb Code     2  startup_tm4c123.o(.text)
    PWM1_2_Handler                           0x000003dd   Thumb Code     2  startup_tm4c123.o(.text)
    PWM1_3_Handler                           0x000003df   Thumb Code     2  startup_tm4c123.o(.text)
    PWM1_FAULT_Handler                       0x000003e1   Thumb Code     2  startup_tm4c123.o(.text)
    __user_initial_stackheap                 0x000003e5   Thumb Code     0  startup_tm4c123.o(.text)
    __use_two_region_memory                  0x00000405   Thumb Code     2  heapauxi.o(.text)
    __rt_heap_escrow$2region                 0x00000407   Thumb Code     2  heapauxi.o(.text)
    __rt_heap_expand$2region                 0x00000409   Thumb Code     2  heapauxi.o(.text)
    __user_setup_stackheap                   0x0000040b   Thumb Code    74  sys_stackheap_outer.o(.text)
    exit                                     0x00000455   Thumb Code    18  exit.o(.text)
    __user_libspace                          0x00000469   Thumb Code     8  libspace.o(.text)
    __user_perproc_libspace                  0x00000469   Thumb Code     0  libspace.o(.text)
    __user_perthread_libspace                0x00000469   Thumb Code     0  libspace.o(.text)
    _sys_exit                                0x00000471   Thumb Code     8  sys_exit.o(.text)
    __I$use$semihosting                      0x0000047d   Thumb Code     0  use_no_semi.o(.text)
    __use_no_semihosting_swi                 0x0000047d   Thumb Code     2  use_no_semi.o(.text)
    __semihosting_library_function           0x0000047f   Thumb Code     0  indicate_semi.o(.text)
    APP_vidGetTemperature                    0x00000481   Thumb Code   236  app_program.o(.text.APP_vidGetTemperature)
    DHT11_u8CheckResponse                    0x000005a5   Thumb Code    60  dht11_program.o(.text.DHT11_u8CheckResponse)
    DHT11_u8ReadByte                         0x000005e1   Thumb Code    80  dht11_program.o(.text.DHT11_u8ReadByte)
    DHT11_vidInit                            0x00000631   Thumb Code    24  dht11_program.o(.text.DHT11_vidInit)
    DHT11_vidStart                           0x00000649   Thumb Code    58  dht11_program.o(.text.DHT11_vidStart)
    GPIOA_Handler                            0x00000685   Thumb Code    16  gpio_program.o(.text.GPIOA_Handler)
    GPIOB_Handler                            0x00000695   Thumb Code    16  gpio_program.o(.text.GPIOB_Handler)
    GPIOC_Handler                            0x000006a5   Thumb Code    16  gpio_program.o(.text.GPIOC_Handler)
    GPIOD_Handler                            0x000006b5   Thumb Code    16  gpio_program.o(.text.GPIOD_Handler)
    GPIOE_Handler                            0x000006c5   Thumb Code    16  gpio_program.o(.text.GPIOE_Handler)
    GPIOF_Handler                            0x000006d5   Thumb Code    16  gpio_program.o(.text.GPIOF_Handler)
    GPIO_u8GetPinValue                       0x000006e5   Thumb Code    66  gpio_program.o(.text.GPIO_u8GetPinValue)
    GPIO_vidSelectAlterFunction              0x00000729   Thumb Code    64  gpio_program.o(.text.GPIO_vidSelectAlterFunction)
    GPIO_vidSetPinDigEnable                  0x00000769   Thumb Code   150  gpio_program.o(.text.GPIO_vidSetPinDigEnable)
    GPIO_vidSetPinDirection                  0x00000801   Thumb Code   150  gpio_program.o(.text.GPIO_vidSetPinDirection)
    GPIO_vidSetPinValue                      0x00000899   Thumb Code   150  gpio_program.o(.text.GPIO_vidSetPinValue)
    GPIO_vidTogglePin                        0x00000931   Thumb Code    64  gpio_program.o(.text.GPIO_vidTogglePin)
    PendSV_Handler                           0x00000971   Thumb Code    16  scb_program.o(.text.PendSV_Handler)
    SCB_vidPutISR                            0x00000981   Thumb Code    16  scb_program.o(.text.SCB_vidPutISR)
    SCB_vidTriggerPendSV                     0x00000991   Thumb Code    18  scb_program.o(.text.SCB_vidTriggerPendSV)
    SYSCNTRL_vidChangeSysClock               0x000009a5   Thumb Code   104  syscntrl_program.o(.text.SYSCNTRL_vidChangeSysClock)
    SYSCNTRL_vidEnableGPIOClock              0x00000a2d   Thumb Code    32  syscntrl_program.o(.text.SYSCNTRL_vidEnableGPIOClock)
    SYSCNTRL_vidEnableUARTClock              0x00000a65   Thumb Code    32  syscntrl_program.o(.text.SYSCNTRL_vidEnableUARTClock)
    SysTick_Handler                          0x00000a91   Thumb Code    16  systick_program.o(.text.SysTick_Handler)
    SysTick_vidInitExtended                  0x00000aa1   Thumb Code    54  systick_program.o(.text.SysTick_vidInitExtended)
    SysTick_vidPutISR                        0x00000ad9   Thumb Code    12  systick_program.o(.text.SysTick_vidPutISR)
    SysTick_vidSetValue                      0x00000ae5   Thumb Code    12  systick_program.o(.text.SysTick_vidSetValue)
    SystemInit                               0x00000af1   Thumb Code    18  system_tm4c123.o(.text.SystemInit)
    TIMER0A_Handler                          0x00000b05   Thumb Code    22  timer0_program.o(.text.TIMER0A_Handler)
    TIMER0_vidDelayMicro                     0x00000b1d   Thumb Code    80  timer0_program.o(.text.TIMER0_vidDelayMicro)
    TIMER0_vidInit                           0x00000b6d   Thumb Code    76  timer0_program.o(.text.TIMER0_vidInit)
    UART0_Handler                            0x00000bb9   Thumb Code    28  uart_program.o(.text.UART0_Handler)
    UART0_u8GetReceivedByte                  0x00000bd5   Thumb Code    14  uart_program.o(.text.UART0_u8GetReceivedByte)
    UART0_vidInit                            0x00000be5   Thumb Code   194  uart_program.o(.text.UART0_vidInit)
    UART0_vidPutISRFunction                  0x00000ca9   Thumb Code    12  uart_program.o(.text.UART0_vidPutISRFunction)
    UART0_vidSendByte                        0x00000cb5   Thumb Code    18  uart_program.o(.text.UART0_vidSendByte)
    UART0_vidSendString                      0x00000cc9   Thumb Code    28  uart_program.o(.text.UART0_vidSendString)
    UART1_Handler                            0x00000ce5   Thumb Code    28  uart_program.o(.text.UART1_Handler)
    UART2_Handler                            0x00000d01   Thumb Code    28  uart_program.o(.text.UART2_Handler)
    UART3_Handler                            0x00000d1d   Thumb Code    28  uart_program.o(.text.UART3_Handler)
    UART4_Handler                            0x00000d39   Thumb Code    26  uart_program.o(.text.UART4_Handler)
    UART5_Handler                            0x00000d55   Thumb Code    28  uart_program.o(.text.UART5_Handler)
    UART6_Handler                            0x00000d71   Thumb Code    28  uart_program.o(.text.UART6_Handler)
    UART7_Handler                            0x00000d8d   Thumb Code    28  uart_program.o(.text.UART7_Handler)
    UART_vidSendNumber                       0x00000da9   Thumb Code   198  uart_program.o(.text.UART_vidSendNumber)
    main                                     0x00000ed5   Thumb Code   286  main.o(.text.main)
    vidBlink                                 0x00000ff5   Thumb Code    12  main.o(.text.vidBlink)
    vidCountOVF                              0x00001001   Thumb Code    16  timer0_program.o(.text.vidCountOVF)
    vidProcessCommand                        0x00001011   Thumb Code    26  main.o(.text.vidProcessCommand)
    vidTest                                  0x0000102d   Thumb Code    34  main.o(.text.vidTest)
    _fp_init                                 0x0000104f   Thumb Code    26  fpinit.o(x$fpl$fpinit)
    __fplib_config_fpu_vfp                   0x00001067   Thumb Code     0  fpinit.o(x$fpl$fpinit)
    __fplib_config_pureend_doubles           0x00001067   Thumb Code     0  fpinit.o(x$fpl$fpinit)
    Region$$Table$$Base                      0x0000108c   Number         0  anon$$obj.o(Region$$Table)
    Region$$Table$$Limit                     0x0000109c   Number         0  anon$$obj.o(Region$$Table)
    __libspace_start                         0x20000000   Data          96  libspace.o(.bss)
    UART0_callback                           0x20000060   Data           4  uart_program.o(.bss.UART0_callback)
    __temporary_stack_top$libspace           0x20000060   Data           0  libspace.o(.bss)
    UART1_callback                           0x20000064   Data           4  uart_program.o(.bss.UART1_callback)
    UART2_callback                           0x20000068   Data           4  uart_program.o(.bss.UART2_callback)
    UART3_callback                           0x2000006c   Data           4  uart_program.o(.bss.UART3_callback)
    UART4_callback                           0x20000070   Data           4  uart_program.o(.bss.UART4_callback)
    UART5_callback                           0x20000074   Data           4  uart_program.o(.bss.UART5_callback)
    UART6_callback                           0x20000078   Data           4  uart_program.o(.bss.UART6_callback)
    UART7_callback                           0x2000007c   Data           4  uart_program.o(.bss.UART7_callback)
    u32DelayMicro                            0x200000a0   Data           4  timer0_program.o(.bss.u32DelayMicro)
    u32OVFCount                              0x200000a4   Data           4  timer0_program.o(.bss.u32OVFCount)
    u8Checksum                               0x200000a8   Data           1  app_program.o(.bss.u8Checksum)
    u8DelayFlag                              0x200000a9   Data           1  timer0_program.o(.bss.u8DelayFlag)
    u8RH1                                    0x200000aa   Data           1  app_program.o(.bss.u8RH1)
    u8RH2                                    0x200000ab   Data           1  app_program.o(.bss.u8RH2)
    u8SysTickOVFCount                        0x200000ac   Data           1  main.o(.bss.u8SysTickOVFCount)
    u8Temp1                                  0x200000ad   Data           1  app_program.o(.bss.u8Temp1)
    u8Temp2                                  0x200000ae   Data           1  app_program.o(.bss.u8Temp2)



==============================================================================

Memory Map of the image

  Image Entry point : 0x000002f1

  Load Region LR_1 (Base: 0x00000000, Size: 0x0000109c, Max: 0xffffffff, ABSOLUTE)

    Execution Region ER_RO (Exec base: 0x00000000, Load base: 0x00000000, Size: 0x0000109c, Max: 0xffffffff, ABSOLUTE)

    Exec Addr    Load Addr    Size         Type   Attr      Idx    E Section Name        Object

    0x00000000   0x00000000   0x0000026c   Data   RO          405    RESET               startup_tm4c123.o
    0x0000026c   0x0000026c   0x00000008   Code   RO          432  * !!!main             c_w.l(__main.o)
    0x00000274   0x00000274   0x00000034   Code   RO          595    !!!scatter          c_w.l(__scatter.o)
    0x000002a8   0x000002a8   0x0000001c   Code   RO          597    !!handler_zi        c_w.l(__scatter_zi.o)
    0x000002c4   0x000002c4   0x00000002   Code   RO          459    .ARM.Collect$$libinit$$00000000  c_w.l(libinit.o)
    0x000002c6   0x000002c6   0x00000004   Code   RO          465    .ARM.Collect$$libinit$$00000001  c_w.l(libinit2.o)
    0x000002ca   0x000002ca   0x00000000   Code   RO          468    .ARM.Collect$$libinit$$00000004  c_w.l(libinit2.o)
    0x000002ca   0x000002ca   0x00000000   Code   RO          471    .ARM.Collect$$libinit$$0000000A  c_w.l(libinit2.o)
    0x000002ca   0x000002ca   0x00000000   Code   RO          473    .ARM.Collect$$libinit$$0000000C  c_w.l(libinit2.o)
    0x000002ca   0x000002ca   0x00000000   Code   RO          475    .ARM.Collect$$libinit$$0000000E  c_w.l(libinit2.o)
    0x000002ca   0x000002ca   0x00000000   Code   RO          478    .ARM.Collect$$libinit$$00000011  c_w.l(libinit2.o)
    0x000002ca   0x000002ca   0x00000000   Code   RO          480    .ARM.Collect$$libinit$$00000013  c_w.l(libinit2.o)
    0x000002ca   0x000002ca   0x00000000   Code   RO          482    .ARM.Collect$$libinit$$00000015  c_w.l(libinit2.o)
    0x000002ca   0x000002ca   0x00000000   Code   RO          484    .ARM.Collect$$libinit$$00000017  c_w.l(libinit2.o)
    0x000002ca   0x000002ca   0x00000000   Code   RO          486    .ARM.Collect$$libinit$$00000019  c_w.l(libinit2.o)
    0x000002ca   0x000002ca   0x00000000   Code   RO          488    .ARM.Collect$$libinit$$0000001B  c_w.l(libinit2.o)
    0x000002ca   0x000002ca   0x00000000   Code   RO          490    .ARM.Collect$$libinit$$0000001D  c_w.l(libinit2.o)
    0x000002ca   0x000002ca   0x00000000   Code   RO          492    .ARM.Collect$$libinit$$0000001F  c_w.l(libinit2.o)
    0x000002ca   0x000002ca   0x00000000   Code   RO          494    .ARM.Collect$$libinit$$00000021  c_w.l(libinit2.o)
    0x000002ca   0x000002ca   0x00000000   Code   RO          496    .ARM.Collect$$libinit$$00000023  c_w.l(libinit2.o)
    0x000002ca   0x000002ca   0x00000000   Code   RO          498    .ARM.Collect$$libinit$$00000025  c_w.l(libinit2.o)
    0x000002ca   0x000002ca   0x00000000   Code   RO          502    .ARM.Collect$$libinit$$0000002C  c_w.l(libinit2.o)
    0x000002ca   0x000002ca   0x00000000   Code   RO          504    .ARM.Collect$$libinit$$0000002E  c_w.l(libinit2.o)
    0x000002ca   0x000002ca   0x00000000   Code   RO          506    .ARM.Collect$$libinit$$00000030  c_w.l(libinit2.o)
    0x000002ca   0x000002ca   0x00000000   Code   RO          508    .ARM.Collect$$libinit$$00000032  c_w.l(libinit2.o)
    0x000002ca   0x000002ca   0x00000002   Code   RO          509    .ARM.Collect$$libinit$$00000033  c_w.l(libinit2.o)
    0x000002cc   0x000002cc   0x00000002   Code   RO          531    .ARM.Collect$$libshutdown$$00000000  c_w.l(libshutdown.o)
    0x000002ce   0x000002ce   0x00000000   Code   RO          546    .ARM.Collect$$libshutdown$$00000002  c_w.l(libshutdown2.o)
    0x000002ce   0x000002ce   0x00000000   Code   RO          548    .ARM.Collect$$libshutdown$$00000004  c_w.l(libshutdown2.o)
    0x000002ce   0x000002ce   0x00000000   Code   RO          551    .ARM.Collect$$libshutdown$$00000007  c_w.l(libshutdown2.o)
    0x000002ce   0x000002ce   0x00000000   Code   RO          554    .ARM.Collect$$libshutdown$$0000000A  c_w.l(libshutdown2.o)
    0x000002ce   0x000002ce   0x00000000   Code   RO          556    .ARM.Collect$$libshutdown$$0000000C  c_w.l(libshutdown2.o)
    0x000002ce   0x000002ce   0x00000000   Code   RO          559    .ARM.Collect$$libshutdown$$0000000F  c_w.l(libshutdown2.o)
    0x000002ce   0x000002ce   0x00000002   Code   RO          560    .ARM.Collect$$libshutdown$$00000010  c_w.l(libshutdown2.o)
    0x000002d0   0x000002d0   0x00000000   Code   RO          434    .ARM.Collect$$rtentry$$00000000  c_w.l(__rtentry.o)
    0x000002d0   0x000002d0   0x00000000   Code   RO          436    .ARM.Collect$$rtentry$$00000002  c_w.l(__rtentry2.o)
    0x000002d0   0x000002d0   0x00000006   Code   RO          448    .ARM.Collect$$rtentry$$00000004  c_w.l(__rtentry4.o)
    0x000002d6   0x000002d6   0x00000000   Code   RO          438    .ARM.Collect$$rtentry$$00000009  c_w.l(__rtentry2.o)
    0x000002d6   0x000002d6   0x00000004   Code   RO          439    .ARM.Collect$$rtentry$$0000000A  c_w.l(__rtentry2.o)
    0x000002da   0x000002da   0x00000000   Code   RO          441    .ARM.Collect$$rtentry$$0000000C  c_w.l(__rtentry2.o)
    0x000002da   0x000002da   0x00000008   Code   RO          442    .ARM.Collect$$rtentry$$0000000D  c_w.l(__rtentry2.o)
    0x000002e2   0x000002e2   0x00000002   Code   RO          463    .ARM.Collect$$rtexit$$00000000  c_w.l(rtexit.o)
    0x000002e4   0x000002e4   0x00000000   Code   RO          511    .ARM.Collect$$rtexit$$00000002  c_w.l(rtexit2.o)
    0x000002e4   0x000002e4   0x00000004   Code   RO          512    .ARM.Collect$$rtexit$$00000003  c_w.l(rtexit2.o)
    0x000002e8   0x000002e8   0x00000006   Code   RO          513    .ARM.Collect$$rtexit$$00000004  c_w.l(rtexit2.o)
    0x000002ee   0x000002ee   0x00000002   PAD
    0x000002f0   0x000002f0   0x00000114   Code   RO          406  * .text               startup_tm4c123.o
    0x00000404   0x00000404   0x00000006   Code   RO          430    .text               c_w.l(heapauxi.o)
    0x0000040a   0x0000040a   0x0000004a   Code   RO          450    .text               c_w.l(sys_stackheap_outer.o)
    0x00000454   0x00000454   0x00000012   Code   RO          452    .text               c_w.l(exit.o)
    0x00000466   0x00000466   0x00000002   PAD
    0x00000468   0x00000468   0x00000008   Code   RO          460    .text               c_w.l(libspace.o)
    0x00000470   0x00000470   0x0000000c   Code   RO          521    .text               c_w.l(sys_exit.o)
    0x0000047c   0x0000047c   0x00000002   Code   RO          536    .text               c_w.l(use_no_semi.o)
    0x0000047e   0x0000047e   0x00000000   Code   RO          538    .text               c_w.l(indicate_semi.o)
    0x0000047e   0x0000047e   0x00000002   PAD
    0x00000480   0x00000480   0x00000124   Code   RO          374    .text.APP_vidGetTemperature  app_program.o
    0x000005a4   0x000005a4   0x0000003c   Code   RO          180    .text.DHT11_u8CheckResponse  dht11_program.o
    0x000005e0   0x000005e0   0x00000050   Code   RO          182    .text.DHT11_u8ReadByte  dht11_program.o
    0x00000630   0x00000630   0x00000018   Code   RO          176    .text.DHT11_vidInit  dht11_program.o
    0x00000648   0x00000648   0x0000003a   Code   RO          178    .text.DHT11_vidStart  dht11_program.o
    0x00000682   0x00000682   0x00000002   PAD
    0x00000684   0x00000684   0x00000010   Code   RO           74    .text.GPIOA_Handler  gpio_program.o
    0x00000694   0x00000694   0x00000010   Code   RO           76    .text.GPIOB_Handler  gpio_program.o
    0x000006a4   0x000006a4   0x00000010   Code   RO           78    .text.GPIOC_Handler  gpio_program.o
    0x000006b4   0x000006b4   0x00000010   Code   RO           80    .text.GPIOD_Handler  gpio_program.o
    0x000006c4   0x000006c4   0x00000010   Code   RO           82    .text.GPIOE_Handler  gpio_program.o
    0x000006d4   0x000006d4   0x00000010   Code   RO           84    .text.GPIOF_Handler  gpio_program.o
    0x000006e4   0x000006e4   0x00000042   Code   RO           32    .text.GPIO_u8GetPinValue  gpio_program.o
    0x00000726   0x00000726   0x00000002   PAD
    0x00000728   0x00000728   0x00000040   Code   RO           38    .text.GPIO_vidSelectAlterFunction  gpio_program.o
    0x00000768   0x00000768   0x00000096   Code   RO           34    .text.GPIO_vidSetPinDigEnable  gpio_program.o
    0x000007fe   0x000007fe   0x00000002   PAD
    0x00000800   0x00000800   0x00000096   Code   RO           28    .text.GPIO_vidSetPinDirection  gpio_program.o
    0x00000896   0x00000896   0x00000002   PAD
    0x00000898   0x00000898   0x00000096   Code   RO           30    .text.GPIO_vidSetPinValue  gpio_program.o
    0x0000092e   0x0000092e   0x00000002   PAD
    0x00000930   0x00000930   0x00000040   Code   RO           40    .text.GPIO_vidTogglePin  gpio_program.o
    0x00000970   0x00000970   0x00000010   Code   RO          393    .text.PendSV_Handler  scb_program.o
    0x00000980   0x00000980   0x00000010   Code   RO          391    .text.SCB_vidPutISR  scb_program.o
    0x00000990   0x00000990   0x00000012   Code   RO          389    .text.SCB_vidTriggerPendSV  scb_program.o
    0x000009a2   0x000009a2   0x00000002   PAD
    0x000009a4   0x000009a4   0x00000088   Code   RO          134    .text.SYSCNTRL_vidChangeSysClock  syscntrl_program.o
    0x00000a2c   0x00000a2c   0x00000038   Code   RO          120    .text.SYSCNTRL_vidEnableGPIOClock  syscntrl_program.o
    0x00000a64   0x00000a64   0x0000002c   Code   RO          122    .text.SYSCNTRL_vidEnableUARTClock  syscntrl_program.o
    0x00000a90   0x00000a90   0x00000010   Code   RO          164    .text.SysTick_Handler  systick_program.o
    0x00000aa0   0x00000aa0   0x00000036   Code   RO          148    .text.SysTick_vidInitExtended  systick_program.o
    0x00000ad6   0x00000ad6   0x00000002   PAD
    0x00000ad8   0x00000ad8   0x0000000c   Code   RO          152    .text.SysTick_vidPutISR  systick_program.o
    0x00000ae4   0x00000ae4   0x0000000c   Code   RO          150    .text.SysTick_vidSetValue  systick_program.o
    0x00000af0   0x00000af0   0x00000012   Code   RO          417    .text.SystemInit    system_tm4c123.o
    0x00000b02   0x00000b02   0x00000002   PAD
    0x00000b04   0x00000b04   0x00000016   Code   RO          206    .text.TIMER0A_Handler  timer0_program.o
    0x00000b1a   0x00000b1a   0x00000002   PAD
    0x00000b1c   0x00000b1c   0x00000050   Code   RO          204    .text.TIMER0_vidDelayMicro  timer0_program.o
    0x00000b6c   0x00000b6c   0x0000004c   Code   RO          196    .text.TIMER0_vidInit  timer0_program.o
    0x00000bb8   0x00000bb8   0x0000001c   Code   RO          254    .text.UART0_Handler  uart_program.o
    0x00000bd4   0x00000bd4   0x0000000e   Code   RO          250    .text.UART0_u8GetReceivedByte  uart_program.o
    0x00000be2   0x00000be2   0x00000002   PAD
    0x00000be4   0x00000be4   0x000000c2   Code   RO          242    .text.UART0_vidInit  uart_program.o
    0x00000ca6   0x00000ca6   0x00000002   PAD
    0x00000ca8   0x00000ca8   0x0000000c   Code   RO          244    .text.UART0_vidPutISRFunction  uart_program.o
    0x00000cb4   0x00000cb4   0x00000012   Code   RO          246    .text.UART0_vidSendByte  uart_program.o
    0x00000cc6   0x00000cc6   0x00000002   PAD
    0x00000cc8   0x00000cc8   0x0000001c   Code   RO          252    .text.UART0_vidSendString  uart_program.o
    0x00000ce4   0x00000ce4   0x0000001c   Code   RO          268    .text.UART1_Handler  uart_program.o
    0x00000d00   0x00000d00   0x0000001c   Code   RO          282    .text.UART2_Handler  uart_program.o
    0x00000d1c   0x00000d1c   0x0000001c   Code   RO          296    .text.UART3_Handler  uart_program.o
    0x00000d38   0x00000d38   0x0000001a   Code   RO          310    .text.UART4_Handler  uart_program.o
    0x00000d52   0x00000d52   0x00000002   PAD
    0x00000d54   0x00000d54   0x0000001c   Code   RO          324    .text.UART5_Handler  uart_program.o
    0x00000d70   0x00000d70   0x0000001c   Code   RO          338    .text.UART6_Handler  uart_program.o
    0x00000d8c   0x00000d8c   0x0000001c   Code   RO          352    .text.UART7_Handler  uart_program.o
    0x00000da8   0x00000da8   0x000000c6   Code   RO          354    .text.UART_vidSendNumber  uart_program.o
    0x00000e6e   0x00000e6e   0x00000002   PAD
    0x00000e70   0x00000e70   0x0000000e   Code   RO           14    .text.__NVIC_EnableIRQ  main.o
    0x00000e7e   0x00000e7e   0x00000002   PAD
    0x00000e80   0x00000e80   0x00000010   Code   RO          200    .text.__NVIC_EnableIRQ  timer0_program.o
    0x00000e90   0x00000e90   0x0000000e   Code   RO           10    .text.__NVIC_GetPriority  main.o
    0x00000e9e   0x00000e9e   0x00000002   PAD
    0x00000ea0   0x00000ea0   0x00000022   Code   RO            8    .text.__NVIC_SetPriority  main.o
    0x00000ec2   0x00000ec2   0x00000002   PAD
    0x00000ec4   0x00000ec4   0x0000000e   Code   RO          198    .text.__NVIC_SetPriority  timer0_program.o
    0x00000ed2   0x00000ed2   0x00000002   PAD
    0x00000ed4   0x00000ed4   0x0000011e   Code   RO            6    .text.main          main.o
    0x00000ff2   0x00000ff2   0x00000002   PAD
    0x00000ff4   0x00000ff4   0x0000000c   Code   RO           12    .text.vidBlink      main.o
    0x00001000   0x00001000   0x00000010   Code   RO          194    .text.vidCountOVF   timer0_program.o
    0x00001010   0x00001010   0x0000001a   Code   RO            4    .text.vidProcessCommand  main.o
    0x0000102a   0x0000102a   0x00000002   PAD
    0x0000102c   0x0000102c   0x00000022   Code   RO            2    .text.vidTest       main.o
    0x0000104e   0x0000104e   0x0000001a   Code   RO          519    x$fpl$fpinit        fz_wm.l(fpinit.o)
    0x00001068   0x00001068   0x00000021   Data   RO          381    .rodata.str1.1      app_program.o
    0x00001089   0x00001089   0x00000003   PAD
    0x0000108c   0x0000108c   0x00000010   Data   RO          594    Region$$Table       anon$$obj.o


    Execution Region ER_RW (Exec base: 0x20000000, Load base: 0x0000109c, Size: 0x00000000, Max: 0xffffffff, ABSOLUTE)

    **** No section assigned to this execution region ****


    Execution Region ER_ZI (Exec base: 0x20000000, Load base: 0x0000109c, Size: 0x000002b0, Max: 0xffffffff, ABSOLUTE)

    Exec Addr    Load Addr    Size         Type   Attr      Idx    E Section Name        Object

    0x20000000        -       0x00000060   Zero   RW          461    .bss                c_w.l(libspace.o)
    0x20000060        -       0x00000004   Zero   RW          356    .bss.UART0_callback  uart_program.o
    0x20000064        -       0x00000004   Zero   RW          357    .bss.UART1_callback  uart_program.o
    0x20000068        -       0x00000004   Zero   RW          358    .bss.UART2_callback  uart_program.o
    0x2000006c        -       0x00000004   Zero   RW          359    .bss.UART3_callback  uart_program.o
    0x20000070        -       0x00000004   Zero   RW          360    .bss.UART4_callback  uart_program.o
    0x20000074        -       0x00000004   Zero   RW          361    .bss.UART5_callback  uart_program.o
    0x20000078        -       0x00000004   Zero   RW          362    .bss.UART6_callback  uart_program.o
    0x2000007c        -       0x00000004   Zero   RW          363    .bss.UART7_callback  uart_program.o
    0x20000080        -       0x00000004   Zero   RW          167    .bss.callback       systick_program.o
    0x20000084        -       0x00000004   Zero   RW          395    .bss.pFunPendSV     scb_program.o
    0x20000088        -       0x00000004   Zero   RW           86    .bss.ptrF_GPIOA     gpio_program.o
    0x2000008c        -       0x00000004   Zero   RW           87    .bss.ptrF_GPIOB     gpio_program.o
    0x20000090        -       0x00000004   Zero   RW           88    .bss.ptrF_GPIOC     gpio_program.o
    0x20000094        -       0x00000004   Zero   RW           89    .bss.ptrF_GPIOD     gpio_program.o
    0x20000098        -       0x00000004   Zero   RW           90    .bss.ptrF_GPIOE     gpio_program.o
    0x2000009c        -       0x00000004   Zero   RW           91    .bss.ptrF_GPIOF     gpio_program.o
    0x200000a0        -       0x00000004   Zero   RW          210    .bss.u32DelayMicro  timer0_program.o
    0x200000a4        -       0x00000004   Zero   RW          208    .bss.u32OVFCount    timer0_program.o
    0x200000a8        -       0x00000001   Zero   RW          380    .bss.u8Checksum     app_program.o
    0x200000a9        -       0x00000001   Zero   RW          209    .bss.u8DelayFlag    timer0_program.o
    0x200000aa        -       0x00000001   Zero   RW          376    .bss.u8RH1          app_program.o
    0x200000ab        -       0x00000001   Zero   RW          377    .bss.u8RH2          app_program.o
    0x200000ac        -       0x00000001   Zero   RW           16    .bss.u8SysTickOVFCount  main.o
    0x200000ad        -       0x00000001   Zero   RW          378    .bss.u8Temp1        app_program.o
    0x200000ae        -       0x00000001   Zero   RW          379    .bss.u8Temp2        app_program.o
    0x200000af   0x0000109c   0x00000001   PAD
    0x200000b0        -       0x00000000   Zero   RW          404    HEAP                startup_tm4c123.o
    0x200000b0        -       0x00000200   Zero   RW          403    STACK               startup_tm4c123.o


==============================================================================

Image component sizes


      Code (inc. data)   RO Data    RW Data    ZI Data      Debug   Object Name

       292         56         33          0          5        842   app_program.o
       222          0          0          0          0       1350   dht11_program.o
       740         36          0          0         24      10899   gpio_program.o
       420          0          0          0          1       5277   main.o
        50          0          0          0          4       1659   scb_program.o
       276         24        620          0        512       5456   startup_tm4c123.o
       236         68          0          0          0       6894   syscntrl_program.o
        18          0          0          0          0       6494   system_tm4c123.o
        94          0          0          0          4       2191   systick_program.o
       224          0          0          0          9       9082   timer0_program.o
       686          0          0          0         32      10875   uart_program.o

    ----------------------------------------------------------------------
      3298        184        672          0        592      61019   Object Totals
         0          0         16          0          0          0   (incl. Generated)
        40          0          3          0          1          0   (incl. Padding)

    ----------------------------------------------------------------------

      Code (inc. data)   RO Data    RW Data    ZI Data      Debug   Library Member Name

         8          0          0          0          0         68   __main.o
         0          0          0          0          0          0   __rtentry.o
        12          0          0          0          0          0   __rtentry2.o
         6          0          0          0          0          0   __rtentry4.o
        52          8          0          0          0          0   __scatter.o
        28          0          0          0          0          0   __scatter_zi.o
        18          0          0          0          0         80   exit.o
         6          0          0          0          0        152   heapauxi.o
         0          0          0          0          0          0   indicate_semi.o
         2          0          0          0          0          0   libinit.o
         6          0          0          0          0          0   libinit2.o
         2          0          0          0          0          0   libshutdown.o
         2          0          0          0          0          0   libshutdown2.o
         8          4          0          0         96         68   libspace.o
         2          0          0          0          0          0   rtexit.o
        10          0          0          0          0          0   rtexit2.o
        12          4          0          0          0         68   sys_exit.o
        74          0          0          0          0         80   sys_stackheap_outer.o
         2          0          0          0          0         68   use_no_semi.o
        26          0          0          0          0        116   fpinit.o

    ----------------------------------------------------------------------
       282         16          0          0         96        700   Library Totals
         6          0          0          0          0          0   (incl. Padding)

    ----------------------------------------------------------------------

      Code (inc. data)   RO Data    RW Data    ZI Data      Debug   Library Name

       250         16          0          0         96        584   c_w.l
        26          0          0          0          0        116   fz_wm.l

    ----------------------------------------------------------------------
       282         16          0          0         96        700   Library Totals

    ----------------------------------------------------------------------

==============================================================================


      Code (inc. data)   RO Data    RW Data    ZI Data      Debug   

      3580        200        672          0        688      61315   Grand Totals
      3580        200        672          0        688      61315   ELF Image Totals
      3580        200        672          0          0          0   ROM Totals

==============================================================================

    Total RO  Size (Code + RO Data)                 4252 (   4.15kB)
    Total RW  Size (RW Data + ZI Data)               688 (   0.67kB)
    Total ROM Size (Code + RO Data + RW Data)       4252 (   4.15kB)

==============================================================================

